###############################################################################
#
# IAR ANSI C/C++ Compiler V7.10.1.6676/W32 for ARM        18/Jul/2019  10:57:45
# Copyright 1999-2014 IAR Systems AB.
#
#    Cpu mode     =  thumb
#    Endian       =  little
#    Source file  =  
#        E:\DLP_Proj\DLP_source\branches\DLP_opensource\Middlewares\gui\GUI\Widget\CHECKBOX_SetBkColor.c
#    Command line =  
#        E:\DLP_Proj\DLP_source\branches\DLP_opensource\Middlewares\gui\GUI\Widget\CHECKBOX_SetBkColor.c
#        -D USE_HAL_DRIVER -D STM32F407xx -D STM32F40_41xxx -D USE_HAL_LIB -D
#        MKS_DLP_BOARD -D TFT35 -lC
#        E:\DLP_Proj\DLP_source\branches\DLP_opensource\EWARM\mksDLP/List\ -lA
#        E:\DLP_Proj\DLP_source\branches\DLP_opensource\EWARM\mksDLP/List\
#        --diag_suppress Pa050 -o
#        E:\DLP_Proj\DLP_source\branches\DLP_opensource\EWARM\mksDLP/Obj\
#        --no_unroll --no_inline --no_tbaa --no_scheduling --debug
#        --endian=little --cpu=Cortex-M4F -e --char_is_signed --fpu=VFPv4_sp
#        --dlib_config "C:\Program Files (x86)\IAR Systems\Embedded Workbench
#        7.0\arm\INC\c\DLib_Config_Full.h" -I
#        E:\DLP_Proj\DLP_source\branches\DLP_opensource\EWARM/../Inc\ -I
#        E:\DLP_Proj\DLP_source\branches\DLP_opensource\EWARM/../Src\ -I
#        E:\DLP_Proj\DLP_source\branches\DLP_opensource\EWARM/../Drivers/STM32F4xx_HAL_Driver/Inc\
#        -I
#        E:\DLP_Proj\DLP_source\branches\DLP_opensource\EWARM/../Drivers/STM32F4xx_HAL_Driver/Inc/Legacy\
#        -I
#        E:\DLP_Proj\DLP_source\branches\DLP_opensource\EWARM/../Middlewares/Third_Party/FatFs/src/drivers\
#        -I
#        E:\DLP_Proj\DLP_source\branches\DLP_opensource\EWARM/../Middlewares/ST/STM32_USB_Host_Library/Core/Inc\
#        -I
#        E:\DLP_Proj\DLP_source\branches\DLP_opensource\EWARM/../Middlewares/ST/STM32_USB_Host_Library/Class/MSC/Inc\
#        -I
#        E:\DLP_Proj\DLP_source\branches\DLP_opensource\EWARM/../Drivers/CMSIS/Device/ST/STM32F4xx/Include\
#        -I
#        E:\DLP_Proj\DLP_source\branches\DLP_opensource\EWARM/../Middlewares/Third_Party/FatFs/src\
#        -I
#        E:\DLP_Proj\DLP_source\branches\DLP_opensource\EWARM/../Middlewares/Third_Party/Marlin\
#        -I
#        E:\DLP_Proj\DLP_source\branches\DLP_opensource\EWARM/../Drivers/CMSIS/Include\
#        -I
#        E:\DLP_Proj\DLP_source\branches\DLP_opensource\EWARM/../Drivers/BSP/variant\
#        -I
#        E:\DLP_Proj\DLP_source\branches\DLP_opensource\EWARM/../Drivers/BSP/Components/at24cxx\
#        -I
#        E:\DLP_Proj\DLP_source\branches\DLP_opensource\EWARM/../Drivers/BSP/Components/w25qxx\
#        -I
#        E:\DLP_Proj\DLP_source\branches\DLP_opensource\EWARM/../Drivers/BSP/Components/ssd2828\
#        -I
#        E:\DLP_Proj\DLP_source\branches\DLP_opensource\EWARM/../Drivers/BSP/Components/lcd\
#        -I
#        E:\DLP_Proj\DLP_source\branches\DLP_opensource\EWARM/../Drivers/libstmf4\
#        -I
#        E:\DLP_Proj\DLP_source\branches\DLP_opensource\EWARM/../Drivers/libstmf4/include\
#        -I
#        E:\DLP_Proj\DLP_source\branches\DLP_opensource\EWARM/../Middlewares/arduino/stm32/cores/arduino\
#        -I
#        E:\DLP_Proj\DLP_source\branches\DLP_opensource\EWARM/../Middlewares/gui\
#        -I
#        E:\DLP_Proj\DLP_source\branches\DLP_opensource\EWARM/../Middlewares/gui/GUI/ConvertColor\
#        -I
#        E:\DLP_Proj\DLP_source\branches\DLP_opensource\EWARM/../Middlewares/gui/GUI/ConvertMono\
#        -I
#        E:\DLP_Proj\DLP_source\branches\DLP_opensource\EWARM/../Middlewares/gui/GUI/Core\
#        -I
#        E:\DLP_Proj\DLP_source\branches\DLP_opensource\EWARM/../Middlewares/gui/GUI/Font\
#        -I
#        E:\DLP_Proj\DLP_source\branches\DLP_opensource\EWARM/../Middlewares/gui/AntiAlias\
#        -I
#        E:\DLP_Proj\DLP_source\branches\DLP_opensource\EWARM/../Middlewares/gui/GUI/GUIDemo\
#        -I
#        E:\DLP_Proj\DLP_source\branches\DLP_opensource\EWARM/../Middlewares/gui/GUI/LCDDriver\
#        -I
#        E:\DLP_Proj\DLP_source\branches\DLP_opensource\EWARM/../Middlewares/gui/GUI/MemDev\
#        -I
#        E:\DLP_Proj\DLP_source\branches\DLP_opensource\EWARM/../Middlewares/gui/GUI/MultiLayer\
#        -I
#        E:\DLP_Proj\DLP_source\branches\DLP_opensource\EWARM/../Middlewares/gui/GUI/Widget\
#        -I
#        E:\DLP_Proj\DLP_source\branches\DLP_opensource\EWARM/../Middlewares/gui/GUI/WM\
#        -I
#        E:\DLP_Proj\DLP_source\branches\DLP_opensource\EWARM/../Middlewares/gui/GUI_X\
#        -I
#        E:\DLP_Proj\DLP_source\branches\DLP_opensource\EWARM/../Middlewares/gui/Config\
#        -I E:\DLP_Proj\DLP_source\branches\DLP_opensource\EWARM/../User/ui\ -I
#        E:\DLP_Proj\DLP_source\branches\DLP_opensource\EWARM/../User/ui/Multi_language\
#        -I
#        E:\DLP_Proj\DLP_source\branches\DLP_opensource\EWARM/../User/ui/QRENCODE\
#        -Om --use_c++_inline -I "C:\Program Files (x86)\IAR Systems\Embedded
#        Workbench 7.0\arm\CMSIS\Include\"
#    List file    =  
#        E:\DLP_Proj\DLP_source\branches\DLP_opensource\EWARM\mksDLP/List\CHECKBOX_SetBkColor.lst
#    Object file  =  
#        E:\DLP_Proj\DLP_source\branches\DLP_opensource\EWARM\mksDLP/Obj\CHECKBOX_SetBkColor.o
#
###############################################################################

E:\DLP_Proj\DLP_source\branches\DLP_opensource\Middlewares\gui\GUI\Widget\CHECKBOX_SetBkColor.c
      1          /*
      2          *********************************************************************************************************
      3          *                                                uC/GUI
      4          *                        Universal graphic software for embedded applications
      5          *
      6          *                       (c) Copyright 2002, Micrium Inc., Weston, FL
      7          *                       (c) Copyright 2002, SEGGER Microcontroller Systeme GmbH
      8          *
      9          *              µC/GUI is protected by international copyright laws. Knowledge of the
     10          *              source code may not be used to write a similar product. This file may
     11          *              only be used in accordance with a license and should not be redistributed
     12          *              in any way. We appreciate your understanding and fairness.
     13          *
     14          ----------------------------------------------------------------------
     15          File        : CHECKBOX_SetBkColor.c
     16          Purpose     : Implementation of CHECKBOX_SetBkColor
     17          ---------------------------END-OF-HEADER------------------------------
     18          */
     19          
     20          #include "CHECKBOX_Private.h"
     21          
     22          #if GUI_WINSUPPORT
     23          
     24          /*********************************************************************
     25          *
     26          *       Exported routines
     27          *
     28          **********************************************************************
     29          */
     30          /*********************************************************************
     31          *
     32          *       CHECKBOX_SetBkColor
     33          */

   \                                 In section .text, align 2, keep-with-next
     34          void CHECKBOX_SetBkColor(CHECKBOX_Handle hObj, GUI_COLOR Color) {
   \                     CHECKBOX_SetBkColor: (+1)
   \   00000000   0xB538             PUSH     {R3-R5,LR}
   \   00000002   0x4604             MOV      R4,R0
   \   00000004   0x460D             MOV      R5,R1
     35            if (hObj) {
   \   00000006   0x2C00             CMP      R4,#+0
   \   00000008   0xD016             BEQ.N    ??CHECKBOX_SetBkColor_0
     36              CHECKBOX_Obj* pObj;
     37              WM_LOCK();
     38              pObj = CHECKBOX_H2P(hObj);
   \   0000000A   0x.... 0x....      BL       GUI_ALLOC_h2p
     39              if (Color != pObj->Props.BkColor) {
   \   0000000E   0x6B41             LDR      R1,[R0, #+52]
   \   00000010   0x428D             CMP      R5,R1
   \   00000012   0xD011             BEQ.N    ??CHECKBOX_SetBkColor_0
     40                pObj->Props.BkColor = Color;
   \   00000014   0x6345             STR      R5,[R0, #+52]
     41                #if WM_SUPPORT_TRANSPARENCY
     42                  if (Color <= 0xFFFFFF) {
   \   00000016   0xF1B5 0x7F80      CMP      R5,#+16777216
   \   0000001A   0xD204             BCS.N    ??CHECKBOX_SetBkColor_1
     43                    WM_SetTransState(hObj, 0);
   \   0000001C   0x2100             MOVS     R1,#+0
   \   0000001E   0x4620             MOV      R0,R4
   \   00000020   0x.... 0x....      BL       WM_SetTransState
   \   00000024   0xE003             B.N      ??CHECKBOX_SetBkColor_2
     44                  } else {
     45                    WM_SetTransState(hObj, WM_CF_HASTRANS);
   \                     ??CHECKBOX_SetBkColor_1: (+1)
   \   00000026   0x2101             MOVS     R1,#+1
   \   00000028   0x4620             MOV      R0,R4
   \   0000002A   0x.... 0x....      BL       WM_SetTransState
     46                  }
     47                #endif
     48                WM_InvalidateWindow(hObj);
   \                     ??CHECKBOX_SetBkColor_2: (+1)
   \   0000002E   0x4620             MOV      R0,R4
   \   00000030   0xE8BD 0x4032      POP      {R1,R4,R5,LR}
   \   00000034   0x.... 0x....      B.W      WM_InvalidateWindow
     49              }
     50              WM_UNLOCK();
     51            }
     52          }
   \                     ??CHECKBOX_SetBkColor_0: (+1)
   \   00000038   0xBD31             POP      {R0,R4,R5,PC}    ;; return
     53          
     54          #else                            /* Avoid problems with empty object modules */
     55            void CHECKBOX_SetBkColor_C(void);
     56            void CHECKBOX_SetBkColor_C(void) {}
     57          #endif

   Maximum stack usage in bytes:

   .cstack Function
   ------- --------
      16   CHECKBOX_SetBkColor
        16   -> GUI_ALLOC_h2p
         0   -> WM_InvalidateWindow
        16   -> WM_SetTransState


   Section sizes:

   Bytes  Function/Label
   -----  --------------
      58  CHECKBOX_SetBkColor

 
 58 bytes in section .text
 
 58 bytes of CODE memory

Errors: none
Warnings: none
