###############################################################################
#
# IAR ANSI C/C++ Compiler V7.10.1.6676/W32 for ARM        18/Jul/2019  10:58:00
# Copyright 1999-2014 IAR Systems AB.
#
#    Cpu mode     =  thumb
#    Endian       =  little
#    Source file  =  
#        E:\DLP_Proj\DLP_source\branches\DLP_opensource\Middlewares\gui\GUI\Widget\FRAMEWIN_SetTitleVis.c
#    Command line =  
#        E:\DLP_Proj\DLP_source\branches\DLP_opensource\Middlewares\gui\GUI\Widget\FRAMEWIN_SetTitleVis.c
#        -D USE_HAL_DRIVER -D STM32F407xx -D STM32F40_41xxx -D USE_HAL_LIB -D
#        MKS_DLP_BOARD -D TFT35 -lC
#        E:\DLP_Proj\DLP_source\branches\DLP_opensource\EWARM\mksDLP/List\ -lA
#        E:\DLP_Proj\DLP_source\branches\DLP_opensource\EWARM\mksDLP/List\
#        --diag_suppress Pa050 -o
#        E:\DLP_Proj\DLP_source\branches\DLP_opensource\EWARM\mksDLP/Obj\
#        --no_unroll --no_inline --no_tbaa --no_scheduling --debug
#        --endian=little --cpu=Cortex-M4F -e --char_is_signed --fpu=VFPv4_sp
#        --dlib_config "C:\Program Files (x86)\IAR Systems\Embedded Workbench
#        7.0\arm\INC\c\DLib_Config_Full.h" -I
#        E:\DLP_Proj\DLP_source\branches\DLP_opensource\EWARM/../Inc\ -I
#        E:\DLP_Proj\DLP_source\branches\DLP_opensource\EWARM/../Src\ -I
#        E:\DLP_Proj\DLP_source\branches\DLP_opensource\EWARM/../Drivers/STM32F4xx_HAL_Driver/Inc\
#        -I
#        E:\DLP_Proj\DLP_source\branches\DLP_opensource\EWARM/../Drivers/STM32F4xx_HAL_Driver/Inc/Legacy\
#        -I
#        E:\DLP_Proj\DLP_source\branches\DLP_opensource\EWARM/../Middlewares/Third_Party/FatFs/src/drivers\
#        -I
#        E:\DLP_Proj\DLP_source\branches\DLP_opensource\EWARM/../Middlewares/ST/STM32_USB_Host_Library/Core/Inc\
#        -I
#        E:\DLP_Proj\DLP_source\branches\DLP_opensource\EWARM/../Middlewares/ST/STM32_USB_Host_Library/Class/MSC/Inc\
#        -I
#        E:\DLP_Proj\DLP_source\branches\DLP_opensource\EWARM/../Drivers/CMSIS/Device/ST/STM32F4xx/Include\
#        -I
#        E:\DLP_Proj\DLP_source\branches\DLP_opensource\EWARM/../Middlewares/Third_Party/FatFs/src\
#        -I
#        E:\DLP_Proj\DLP_source\branches\DLP_opensource\EWARM/../Middlewares/Third_Party/Marlin\
#        -I
#        E:\DLP_Proj\DLP_source\branches\DLP_opensource\EWARM/../Drivers/CMSIS/Include\
#        -I
#        E:\DLP_Proj\DLP_source\branches\DLP_opensource\EWARM/../Drivers/BSP/variant\
#        -I
#        E:\DLP_Proj\DLP_source\branches\DLP_opensource\EWARM/../Drivers/BSP/Components/at24cxx\
#        -I
#        E:\DLP_Proj\DLP_source\branches\DLP_opensource\EWARM/../Drivers/BSP/Components/w25qxx\
#        -I
#        E:\DLP_Proj\DLP_source\branches\DLP_opensource\EWARM/../Drivers/BSP/Components/ssd2828\
#        -I
#        E:\DLP_Proj\DLP_source\branches\DLP_opensource\EWARM/../Drivers/BSP/Components/lcd\
#        -I
#        E:\DLP_Proj\DLP_source\branches\DLP_opensource\EWARM/../Drivers/libstmf4\
#        -I
#        E:\DLP_Proj\DLP_source\branches\DLP_opensource\EWARM/../Drivers/libstmf4/include\
#        -I
#        E:\DLP_Proj\DLP_source\branches\DLP_opensource\EWARM/../Middlewares/arduino/stm32/cores/arduino\
#        -I
#        E:\DLP_Proj\DLP_source\branches\DLP_opensource\EWARM/../Middlewares/gui\
#        -I
#        E:\DLP_Proj\DLP_source\branches\DLP_opensource\EWARM/../Middlewares/gui/GUI/ConvertColor\
#        -I
#        E:\DLP_Proj\DLP_source\branches\DLP_opensource\EWARM/../Middlewares/gui/GUI/ConvertMono\
#        -I
#        E:\DLP_Proj\DLP_source\branches\DLP_opensource\EWARM/../Middlewares/gui/GUI/Core\
#        -I
#        E:\DLP_Proj\DLP_source\branches\DLP_opensource\EWARM/../Middlewares/gui/GUI/Font\
#        -I
#        E:\DLP_Proj\DLP_source\branches\DLP_opensource\EWARM/../Middlewares/gui/AntiAlias\
#        -I
#        E:\DLP_Proj\DLP_source\branches\DLP_opensource\EWARM/../Middlewares/gui/GUI/GUIDemo\
#        -I
#        E:\DLP_Proj\DLP_source\branches\DLP_opensource\EWARM/../Middlewares/gui/GUI/LCDDriver\
#        -I
#        E:\DLP_Proj\DLP_source\branches\DLP_opensource\EWARM/../Middlewares/gui/GUI/MemDev\
#        -I
#        E:\DLP_Proj\DLP_source\branches\DLP_opensource\EWARM/../Middlewares/gui/GUI/MultiLayer\
#        -I
#        E:\DLP_Proj\DLP_source\branches\DLP_opensource\EWARM/../Middlewares/gui/GUI/Widget\
#        -I
#        E:\DLP_Proj\DLP_source\branches\DLP_opensource\EWARM/../Middlewares/gui/GUI/WM\
#        -I
#        E:\DLP_Proj\DLP_source\branches\DLP_opensource\EWARM/../Middlewares/gui/GUI_X\
#        -I
#        E:\DLP_Proj\DLP_source\branches\DLP_opensource\EWARM/../Middlewares/gui/Config\
#        -I E:\DLP_Proj\DLP_source\branches\DLP_opensource\EWARM/../User/ui\ -I
#        E:\DLP_Proj\DLP_source\branches\DLP_opensource\EWARM/../User/ui/Multi_language\
#        -I
#        E:\DLP_Proj\DLP_source\branches\DLP_opensource\EWARM/../User/ui/QRENCODE\
#        -Om --use_c++_inline -I "C:\Program Files (x86)\IAR Systems\Embedded
#        Workbench 7.0\arm\CMSIS\Include\"
#    List file    =  
#        E:\DLP_Proj\DLP_source\branches\DLP_opensource\EWARM\mksDLP/List\FRAMEWIN_SetTitleVis.lst
#    Object file  =  
#        E:\DLP_Proj\DLP_source\branches\DLP_opensource\EWARM\mksDLP/Obj\FRAMEWIN_SetTitleVis.o
#
###############################################################################

E:\DLP_Proj\DLP_source\branches\DLP_opensource\Middlewares\gui\GUI\Widget\FRAMEWIN_SetTitleVis.c
      1          /*
      2          *********************************************************************************************************
      3          *                                                uC/GUI
      4          *                        Universal graphic software for embedded applications
      5          *
      6          *                       (c) Copyright 2002, Micrium Inc., Weston, FL
      7          *                       (c) Copyright 2002, SEGGER Microcontroller Systeme GmbH
      8          *
      9          *              µC/GUI is protected by international copyright laws. Knowledge of the
     10          *              source code may not be used to write a similar product. This file may
     11          *              only be used in accordance with a license and should not be redistributed
     12          *              in any way. We appreciate your understanding and fairness.
     13          *
     14          ----------------------------------------------------------------------
     15          File        : FRAMEWIN_SetTitleVis.c
     16          Purpose     : 
     17          ---------------------------END-OF-HEADER------------------------------
     18          */
     19          
     20          #include <stdlib.h>
     21          #include <string.h>
     22          #include "FRAMEWIN_Private.h"
     23          
     24          #if GUI_WINSUPPORT
     25          
     26          /*********************************************************************
     27          *
     28          *           Static routines
     29          *
     30          **********************************************************************
     31          */
     32          /*********************************************************************
     33          *
     34          *       _ShowHideButtons
     35          */

   \                                 In section .text, align 2, keep-with-next
     36          static void _ShowHideButtons(FRAMEWIN_Obj* pObj) {
   \                     _ShowHideButtons: (+1)
   \   00000000   0xB570             PUSH     {R4-R6,LR}
   \   00000002   0x4604             MOV      R4,R0
     37            WM_HWIN hChild;
     38            WM_Obj* pChild;
     39            int y0;
     40            for (hChild = pObj->Widget.Win.hFirstChild; hChild; hChild = pChild->hNext) {
   \   00000004   0xF9B4 0x5018      LDRSH    R5,[R4, #+24]
   \   00000008   0xE003             B.N      ??_ShowHideButtons_0
     41              pChild = WM_H2P(hChild);
     42              y0 = pChild->Rect.y0 - pObj->Widget.Win.Rect.y0;
     43              if ((y0 == pObj->Props.BorderSize) && (hChild != pObj->hClient)) {
     44                if (pObj->Widget.State & FRAMEWIN_SF_TITLEVIS) {
     45                  WM_ShowWindow(hChild);
     46                } else {
     47                  WM_HideWindow(hChild);
   \                     ??_ShowHideButtons_1: (+1)
   \   0000000A   0x.... 0x....      BL       WM_HideWindow
     48                }
   \                     ??_ShowHideButtons_2: (+1)
   \   0000000E   0xF9B6 0x501A      LDRSH    R5,[R6, #+26]
   \                     ??_ShowHideButtons_0: (+1)
   \   00000012   0x2D00             CMP      R5,#+0
   \   00000014   0xD018             BEQ.N    ??_ShowHideButtons_3
   \   00000016   0x4628             MOV      R0,R5
   \   00000018   0x.... 0x....      BL       GUI_ALLOC_h2p
   \   0000001C   0x4606             MOV      R6,R0
   \   0000001E   0xF9B6 0x0002      LDRSH    R0,[R6, #+2]
   \   00000022   0xF9B4 0x1002      LDRSH    R1,[R4, #+2]
   \   00000026   0x1A40             SUBS     R0,R0,R1
   \   00000028   0xF9B4 0x1042      LDRSH    R1,[R4, #+66]
   \   0000002C   0x4288             CMP      R0,R1
   \   0000002E   0xD1EE             BNE.N    ??_ShowHideButtons_2
   \   00000030   0xF9B4 0x004C      LDRSH    R0,[R4, #+76]
   \   00000034   0x4285             CMP      R5,R0
   \   00000036   0xD0EA             BEQ.N    ??_ShowHideButtons_2
   \   00000038   0xF894 0x0026      LDRB     R0,[R4, #+38]
   \   0000003C   0x0680             LSLS     R0,R0,#+26
   \   0000003E   0x4628             MOV      R0,R5
   \   00000040   0xD5E3             BPL.N    ??_ShowHideButtons_1
   \   00000042   0x.... 0x....      BL       WM_ShowWindow
   \   00000046   0xE7E2             B.N      ??_ShowHideButtons_2
     49              }
     50            }
     51          }
   \                     ??_ShowHideButtons_3: (+1)
   \   00000048   0xBD70             POP      {R4-R6,PC}       ;; return
     52          
     53          /*********************************************************************
     54          *
     55          *        Exported routines
     56          *
     57          **********************************************************************
     58          */
     59          
     60          /*********************************************************************
     61          *
     62          *       FRAMEWIN_SetTitleVis
     63          */

   \                                 In section .text, align 2, keep-with-next
     64          void FRAMEWIN_SetTitleVis(FRAMEWIN_Handle hObj, int Show) {
   \                     FRAMEWIN_SetTitleVis: (+1)
   \   00000000   0xB570             PUSH     {R4-R6,LR}
   \   00000002   0x4604             MOV      R4,R0
   \   00000004   0x460D             MOV      R5,R1
     65            if (hObj) {
   \   00000006   0x2C00             CMP      R4,#+0
   \   00000008   0xD025             BEQ.N    ??FRAMEWIN_SetTitleVis_0
     66              FRAMEWIN_Obj* pObj;
     67              int State;
     68              WM_LOCK();
     69              pObj = FRAMEWIN_H2P(hObj);
   \   0000000A   0x.... 0x....      BL       GUI_ALLOC_h2p
   \   0000000E   0x4606             MOV      R6,R0
     70              State = pObj->Widget.State;
   \   00000010   0x8CF0             LDRH     R0,[R6, #+38]
   \   00000012   0x4601             MOV      R1,R0
     71              if (Show) {
   \   00000014   0x2D00             CMP      R5,#+0
   \   00000016   0xD002             BEQ.N    ??FRAMEWIN_SetTitleVis_1
     72                State |= FRAMEWIN_SF_TITLEVIS;
   \   00000018   0xF041 0x0520      ORR      R5,R1,#0x20
   \   0000001C   0xE001             B.N      ??FRAMEWIN_SetTitleVis_2
     73              } else {
     74                State &= ~FRAMEWIN_SF_TITLEVIS;
   \                     ??FRAMEWIN_SetTitleVis_1: (+1)
   \   0000001E   0xF021 0x0520      BIC      R5,R1,#0x20
     75              }
     76              if (pObj->Widget.State != State) {
   \                     ??FRAMEWIN_SetTitleVis_2: (+1)
   \   00000022   0x42A8             CMP      R0,R5
   \   00000024   0xD017             BEQ.N    ??FRAMEWIN_SetTitleVis_0
     77                pObj->Widget.State = State;
   \   00000026   0x84F5             STRH     R5,[R6, #+38]
     78                FRAMEWIN__UpdatePositions(pObj);
   \   00000028   0x4630             MOV      R0,R6
   \   0000002A   0x.... 0x....      BL       FRAMEWIN__UpdatePositions
     79                _ShowHideButtons(pObj);
   \   0000002E   0x4630             MOV      R0,R6
   \   00000030   0x.... 0x....      BL       _ShowHideButtons
     80                if (pObj->Flags & FRAMEWIN_SF_MINIMIZED) {
   \   00000034   0xF896 0x005C      LDRB     R0,[R6, #+92]
   \   00000038   0x0640             LSLS     R0,R0,#+25
   \   0000003A   0xD507             BPL.N    ??FRAMEWIN_SetTitleVis_3
     81                  if (State & FRAMEWIN_SF_TITLEVIS) {
   \   0000003C   0x06A8             LSLS     R0,R5,#+26
   \   0000003E   0x4620             MOV      R0,R4
   \   00000040   0xD502             BPL.N    ??FRAMEWIN_SetTitleVis_4
     82                    WM_ShowWindow(hObj);
   \   00000042   0x.... 0x....      BL       WM_ShowWindow
   \   00000046   0xE001             B.N      ??FRAMEWIN_SetTitleVis_3
     83                  } else {
     84                    WM_HideWindow(hObj);
   \                     ??FRAMEWIN_SetTitleVis_4: (+1)
   \   00000048   0x.... 0x....      BL       WM_HideWindow
     85                  }
     86                }
     87                FRAMEWIN_Invalidate(hObj);
   \                     ??FRAMEWIN_SetTitleVis_3: (+1)
   \   0000004C   0x4620             MOV      R0,R4
   \   0000004E   0xE8BD 0x4070      POP      {R4-R6,LR}
   \   00000052   0x.... 0x....      B.W      WM_InvalidateWindow
     88              }
     89              WM_UNLOCK();
     90            }
     91          }
   \                     ??FRAMEWIN_SetTitleVis_0: (+1)
   \   00000056   0xBD70             POP      {R4-R6,PC}       ;; return
     92          
     93          #else
     94            void FRAMEWIN_SetTitleVis_c(void) {} /* avoid empty object files */
     95          #endif /* GUI_WINSUPPORT */

   Maximum stack usage in bytes:

   .cstack Function
   ------- --------
      16   FRAMEWIN_SetTitleVis
        16   -> FRAMEWIN__UpdatePositions
        16   -> GUI_ALLOC_h2p
        16   -> WM_HideWindow
         0   -> WM_InvalidateWindow
        16   -> WM_ShowWindow
        16   -> _ShowHideButtons
      16   _ShowHideButtons
        16   -> GUI_ALLOC_h2p
        16   -> WM_HideWindow
        16   -> WM_ShowWindow


   Section sizes:

   Bytes  Function/Label
   -----  --------------
      88  FRAMEWIN_SetTitleVis
      74  _ShowHideButtons

 
 162 bytes in section .text
 
 162 bytes of CODE memory

Errors: none
Warnings: none
