###############################################################################
#
# IAR ANSI C/C++ Compiler V7.10.1.6676/W32 for ARM        18/Jul/2019  10:59:03
# Copyright 1999-2014 IAR Systems AB.
#
#    Cpu mode     =  thumb
#    Endian       =  little
#    Source file  =  
#        E:\DLP_Proj\DLP_source\branches\DLP_opensource\Middlewares\gui\GUI\Core\LCDInfo0.c
#    Command line =  
#        E:\DLP_Proj\DLP_source\branches\DLP_opensource\Middlewares\gui\GUI\Core\LCDInfo0.c
#        -D USE_HAL_DRIVER -D STM32F407xx -D STM32F40_41xxx -D USE_HAL_LIB -D
#        MKS_DLP_BOARD -D TFT35 -lC
#        E:\DLP_Proj\DLP_source\branches\DLP_opensource\EWARM\mksDLP/List\ -lA
#        E:\DLP_Proj\DLP_source\branches\DLP_opensource\EWARM\mksDLP/List\
#        --diag_suppress Pa050 -o
#        E:\DLP_Proj\DLP_source\branches\DLP_opensource\EWARM\mksDLP/Obj\
#        --no_unroll --no_inline --no_tbaa --no_scheduling --debug
#        --endian=little --cpu=Cortex-M4F -e --char_is_signed --fpu=VFPv4_sp
#        --dlib_config "C:\Program Files (x86)\IAR Systems\Embedded Workbench
#        7.0\arm\INC\c\DLib_Config_Full.h" -I
#        E:\DLP_Proj\DLP_source\branches\DLP_opensource\EWARM/../Inc\ -I
#        E:\DLP_Proj\DLP_source\branches\DLP_opensource\EWARM/../Src\ -I
#        E:\DLP_Proj\DLP_source\branches\DLP_opensource\EWARM/../Drivers/STM32F4xx_HAL_Driver/Inc\
#        -I
#        E:\DLP_Proj\DLP_source\branches\DLP_opensource\EWARM/../Drivers/STM32F4xx_HAL_Driver/Inc/Legacy\
#        -I
#        E:\DLP_Proj\DLP_source\branches\DLP_opensource\EWARM/../Middlewares/Third_Party/FatFs/src/drivers\
#        -I
#        E:\DLP_Proj\DLP_source\branches\DLP_opensource\EWARM/../Middlewares/ST/STM32_USB_Host_Library/Core/Inc\
#        -I
#        E:\DLP_Proj\DLP_source\branches\DLP_opensource\EWARM/../Middlewares/ST/STM32_USB_Host_Library/Class/MSC/Inc\
#        -I
#        E:\DLP_Proj\DLP_source\branches\DLP_opensource\EWARM/../Drivers/CMSIS/Device/ST/STM32F4xx/Include\
#        -I
#        E:\DLP_Proj\DLP_source\branches\DLP_opensource\EWARM/../Middlewares/Third_Party/FatFs/src\
#        -I
#        E:\DLP_Proj\DLP_source\branches\DLP_opensource\EWARM/../Middlewares/Third_Party/Marlin\
#        -I
#        E:\DLP_Proj\DLP_source\branches\DLP_opensource\EWARM/../Drivers/CMSIS/Include\
#        -I
#        E:\DLP_Proj\DLP_source\branches\DLP_opensource\EWARM/../Drivers/BSP/variant\
#        -I
#        E:\DLP_Proj\DLP_source\branches\DLP_opensource\EWARM/../Drivers/BSP/Components/at24cxx\
#        -I
#        E:\DLP_Proj\DLP_source\branches\DLP_opensource\EWARM/../Drivers/BSP/Components/w25qxx\
#        -I
#        E:\DLP_Proj\DLP_source\branches\DLP_opensource\EWARM/../Drivers/BSP/Components/ssd2828\
#        -I
#        E:\DLP_Proj\DLP_source\branches\DLP_opensource\EWARM/../Drivers/BSP/Components/lcd\
#        -I
#        E:\DLP_Proj\DLP_source\branches\DLP_opensource\EWARM/../Drivers/libstmf4\
#        -I
#        E:\DLP_Proj\DLP_source\branches\DLP_opensource\EWARM/../Drivers/libstmf4/include\
#        -I
#        E:\DLP_Proj\DLP_source\branches\DLP_opensource\EWARM/../Middlewares/arduino/stm32/cores/arduino\
#        -I
#        E:\DLP_Proj\DLP_source\branches\DLP_opensource\EWARM/../Middlewares/gui\
#        -I
#        E:\DLP_Proj\DLP_source\branches\DLP_opensource\EWARM/../Middlewares/gui/GUI/ConvertColor\
#        -I
#        E:\DLP_Proj\DLP_source\branches\DLP_opensource\EWARM/../Middlewares/gui/GUI/ConvertMono\
#        -I
#        E:\DLP_Proj\DLP_source\branches\DLP_opensource\EWARM/../Middlewares/gui/GUI/Core\
#        -I
#        E:\DLP_Proj\DLP_source\branches\DLP_opensource\EWARM/../Middlewares/gui/GUI/Font\
#        -I
#        E:\DLP_Proj\DLP_source\branches\DLP_opensource\EWARM/../Middlewares/gui/AntiAlias\
#        -I
#        E:\DLP_Proj\DLP_source\branches\DLP_opensource\EWARM/../Middlewares/gui/GUI/GUIDemo\
#        -I
#        E:\DLP_Proj\DLP_source\branches\DLP_opensource\EWARM/../Middlewares/gui/GUI/LCDDriver\
#        -I
#        E:\DLP_Proj\DLP_source\branches\DLP_opensource\EWARM/../Middlewares/gui/GUI/MemDev\
#        -I
#        E:\DLP_Proj\DLP_source\branches\DLP_opensource\EWARM/../Middlewares/gui/GUI/MultiLayer\
#        -I
#        E:\DLP_Proj\DLP_source\branches\DLP_opensource\EWARM/../Middlewares/gui/GUI/Widget\
#        -I
#        E:\DLP_Proj\DLP_source\branches\DLP_opensource\EWARM/../Middlewares/gui/GUI/WM\
#        -I
#        E:\DLP_Proj\DLP_source\branches\DLP_opensource\EWARM/../Middlewares/gui/GUI_X\
#        -I
#        E:\DLP_Proj\DLP_source\branches\DLP_opensource\EWARM/../Middlewares/gui/Config\
#        -I E:\DLP_Proj\DLP_source\branches\DLP_opensource\EWARM/../User/ui\ -I
#        E:\DLP_Proj\DLP_source\branches\DLP_opensource\EWARM/../User/ui/Multi_language\
#        -I
#        E:\DLP_Proj\DLP_source\branches\DLP_opensource\EWARM/../User/ui/QRENCODE\
#        -Om --use_c++_inline -I "C:\Program Files (x86)\IAR Systems\Embedded
#        Workbench 7.0\arm\CMSIS\Include\"
#    List file    =  
#        E:\DLP_Proj\DLP_source\branches\DLP_opensource\EWARM\mksDLP/List\LCDInfo0.lst
#    Object file  =  
#        E:\DLP_Proj\DLP_source\branches\DLP_opensource\EWARM\mksDLP/Obj\LCDInfo0.o
#
###############################################################################

E:\DLP_Proj\DLP_source\branches\DLP_opensource\Middlewares\gui\GUI\Core\LCDInfo0.c
      1          /*
      2          *********************************************************************************************************
      3          *                                                uC/GUI
      4          *                        Universal graphic software for embedded applications
      5          *
      6          *                       (c) Copyright 2002, Micrium Inc., Weston, FL
      7          *                       (c) Copyright 2002, SEGGER Microcontroller Systeme GmbH
      8          *
      9          *              µC/GUI is protected by international copyright laws. Knowledge of the
     10          *              source code may not be used to write a similar product. This file may
     11          *              only be used in accordance with a license and should not be redistributed
     12          *              in any way. We appreciate your understanding and fairness.
     13          *
     14          ----------------------------------------------------------------------
     15          File        : LCDInfo1.C
     16          Purpose     : Routines returning info at runtime
     17          ---------------------------END-OF-HEADER------------------------------
     18          */
     19          
     20          #include <stddef.h>           /* needed for definition of NULL */
     21          #include "LCD.h"		          /* interface definitions */
     22          #include "LCD_Private.h"      /* private modul definitions & config */
     23          
     24          /*********************************************************************
     25          *
     26          *       Public code
     27          *
     28          **********************************************************************
     29          */
     30          

   \                                 In section .text, align 2, keep-with-next
     31          int LCD_GetXSize(void)        { return LCD_XSIZE; }
   \                     LCD_GetXSize: (+1)
   \   00000000   0xF44F 0x70F0      MOV      R0,#+480
   \   00000004   0x4770             BX       LR               ;; return

   \                                 In section .text, align 2, keep-with-next
     32          int LCD_GetYSize(void)        { return LCD_YSIZE; }
   \                     LCD_GetYSize: (+1)
   \   00000000   0xF44F 0x70A0      MOV      R0,#+320
   \   00000004   0x4770             BX       LR               ;; return

   \                                 In section .text, align 2, keep-with-next
     33          int LCD_GetVXSize(void)       { return LCD_VXSIZE; }
   \                     LCD_GetVXSize: (+1)
   \   00000000   0xF44F 0x70F0      MOV      R0,#+480
   \   00000004   0x4770             BX       LR               ;; return

   \                                 In section .text, align 2, keep-with-next
     34          int LCD_GetVYSize(void)       { return LCD_VYSIZE; }
   \                     LCD_GetVYSize: (+1)
   \   00000000   0xF44F 0x70A0      MOV      R0,#+320
   \   00000004   0x4770             BX       LR               ;; return

   \                                 In section .text, align 2, keep-with-next
     35          int LCD_GetBitsPerPixel(void) { return LCD_BITSPERPIXEL; }
   \                     LCD_GetBitsPerPixel: (+1)
   \   00000000   0x2010             MOVS     R0,#+16
   \   00000002   0x4770             BX       LR               ;; return

   \                                 In section .text, align 2, keep-with-next
     36          U32 LCD_GetNumColors(void)    { return LCD_NUM_COLORS; }
   \                     LCD_GetNumColors: (+1)
   \   00000000   0xF44F 0x3080      MOV      R0,#+65536
   \   00000004   0x4770             BX       LR               ;; return

   \                                 In section .text, align 2, keep-with-next
     37          int LCD_GetYMag(void)         { return LCD_YMAG; }
   \                     LCD_GetYMag: (+1)
   \   00000000   0x2001             MOVS     R0,#+1
   \   00000002   0x4770             BX       LR               ;; return

   \                                 In section .text, align 2, keep-with-next
     38          int LCD_GetXMag(void)         { return LCD_XMAG; }
   \                     LCD_GetXMag: (+1)
   \   00000000   0x2001             MOVS     R0,#+1
   \   00000002   0x4770             BX       LR               ;; return

   \                                 In section .text, align 2, keep-with-next
     39          int LCD_GetFixedPalette(void) { return LCD_FIXEDPALETTE; }
   \                     LCD_GetFixedPalette: (+1)
   \   00000000   0xF240 0x2035      MOVW     R0,#+565
   \   00000004   0x4770             BX       LR               ;; return
     40          
     41          /*************************** End of file ****************************/

   Maximum stack usage in bytes:

   .cstack Function
   ------- --------
       0   LCD_GetBitsPerPixel
       0   LCD_GetFixedPalette
       0   LCD_GetNumColors
       0   LCD_GetVXSize
       0   LCD_GetVYSize
       0   LCD_GetXMag
       0   LCD_GetXSize
       0   LCD_GetYMag
       0   LCD_GetYSize


   Section sizes:

   Bytes  Function/Label
   -----  --------------
       4  LCD_GetBitsPerPixel
       6  LCD_GetFixedPalette
       6  LCD_GetNumColors
       6  LCD_GetVXSize
       6  LCD_GetVYSize
       4  LCD_GetXMag
       6  LCD_GetXSize
       4  LCD_GetYMag
       6  LCD_GetYSize

 
 48 bytes in section .text
 
 48 bytes of CODE memory

Errors: none
Warnings: none
