###############################################################################
#
# IAR ANSI C/C++ Compiler V7.10.1.6676/W32 for ARM        18/Jul/2019  10:59:11
# Copyright 1999-2014 IAR Systems AB.
#
#    Cpu mode     =  thumb
#    Endian       =  little
#    Source file  =  
#        E:\DLP_Proj\DLP_source\branches\DLP_opensource\Middlewares\gui\GUI\Widget\LISTVIEW_Default.c
#    Command line =  
#        E:\DLP_Proj\DLP_source\branches\DLP_opensource\Middlewares\gui\GUI\Widget\LISTVIEW_Default.c
#        -D USE_HAL_DRIVER -D STM32F407xx -D STM32F40_41xxx -D USE_HAL_LIB -D
#        MKS_DLP_BOARD -D TFT35 -lC
#        E:\DLP_Proj\DLP_source\branches\DLP_opensource\EWARM\mksDLP/List\ -lA
#        E:\DLP_Proj\DLP_source\branches\DLP_opensource\EWARM\mksDLP/List\
#        --diag_suppress Pa050 -o
#        E:\DLP_Proj\DLP_source\branches\DLP_opensource\EWARM\mksDLP/Obj\
#        --no_unroll --no_inline --no_tbaa --no_scheduling --debug
#        --endian=little --cpu=Cortex-M4F -e --char_is_signed --fpu=VFPv4_sp
#        --dlib_config "C:\Program Files (x86)\IAR Systems\Embedded Workbench
#        7.0\arm\INC\c\DLib_Config_Full.h" -I
#        E:\DLP_Proj\DLP_source\branches\DLP_opensource\EWARM/../Inc\ -I
#        E:\DLP_Proj\DLP_source\branches\DLP_opensource\EWARM/../Src\ -I
#        E:\DLP_Proj\DLP_source\branches\DLP_opensource\EWARM/../Drivers/STM32F4xx_HAL_Driver/Inc\
#        -I
#        E:\DLP_Proj\DLP_source\branches\DLP_opensource\EWARM/../Drivers/STM32F4xx_HAL_Driver/Inc/Legacy\
#        -I
#        E:\DLP_Proj\DLP_source\branches\DLP_opensource\EWARM/../Middlewares/Third_Party/FatFs/src/drivers\
#        -I
#        E:\DLP_Proj\DLP_source\branches\DLP_opensource\EWARM/../Middlewares/ST/STM32_USB_Host_Library/Core/Inc\
#        -I
#        E:\DLP_Proj\DLP_source\branches\DLP_opensource\EWARM/../Middlewares/ST/STM32_USB_Host_Library/Class/MSC/Inc\
#        -I
#        E:\DLP_Proj\DLP_source\branches\DLP_opensource\EWARM/../Drivers/CMSIS/Device/ST/STM32F4xx/Include\
#        -I
#        E:\DLP_Proj\DLP_source\branches\DLP_opensource\EWARM/../Middlewares/Third_Party/FatFs/src\
#        -I
#        E:\DLP_Proj\DLP_source\branches\DLP_opensource\EWARM/../Middlewares/Third_Party/Marlin\
#        -I
#        E:\DLP_Proj\DLP_source\branches\DLP_opensource\EWARM/../Drivers/CMSIS/Include\
#        -I
#        E:\DLP_Proj\DLP_source\branches\DLP_opensource\EWARM/../Drivers/BSP/variant\
#        -I
#        E:\DLP_Proj\DLP_source\branches\DLP_opensource\EWARM/../Drivers/BSP/Components/at24cxx\
#        -I
#        E:\DLP_Proj\DLP_source\branches\DLP_opensource\EWARM/../Drivers/BSP/Components/w25qxx\
#        -I
#        E:\DLP_Proj\DLP_source\branches\DLP_opensource\EWARM/../Drivers/BSP/Components/ssd2828\
#        -I
#        E:\DLP_Proj\DLP_source\branches\DLP_opensource\EWARM/../Drivers/BSP/Components/lcd\
#        -I
#        E:\DLP_Proj\DLP_source\branches\DLP_opensource\EWARM/../Drivers/libstmf4\
#        -I
#        E:\DLP_Proj\DLP_source\branches\DLP_opensource\EWARM/../Drivers/libstmf4/include\
#        -I
#        E:\DLP_Proj\DLP_source\branches\DLP_opensource\EWARM/../Middlewares/arduino/stm32/cores/arduino\
#        -I
#        E:\DLP_Proj\DLP_source\branches\DLP_opensource\EWARM/../Middlewares/gui\
#        -I
#        E:\DLP_Proj\DLP_source\branches\DLP_opensource\EWARM/../Middlewares/gui/GUI/ConvertColor\
#        -I
#        E:\DLP_Proj\DLP_source\branches\DLP_opensource\EWARM/../Middlewares/gui/GUI/ConvertMono\
#        -I
#        E:\DLP_Proj\DLP_source\branches\DLP_opensource\EWARM/../Middlewares/gui/GUI/Core\
#        -I
#        E:\DLP_Proj\DLP_source\branches\DLP_opensource\EWARM/../Middlewares/gui/GUI/Font\
#        -I
#        E:\DLP_Proj\DLP_source\branches\DLP_opensource\EWARM/../Middlewares/gui/AntiAlias\
#        -I
#        E:\DLP_Proj\DLP_source\branches\DLP_opensource\EWARM/../Middlewares/gui/GUI/GUIDemo\
#        -I
#        E:\DLP_Proj\DLP_source\branches\DLP_opensource\EWARM/../Middlewares/gui/GUI/LCDDriver\
#        -I
#        E:\DLP_Proj\DLP_source\branches\DLP_opensource\EWARM/../Middlewares/gui/GUI/MemDev\
#        -I
#        E:\DLP_Proj\DLP_source\branches\DLP_opensource\EWARM/../Middlewares/gui/GUI/MultiLayer\
#        -I
#        E:\DLP_Proj\DLP_source\branches\DLP_opensource\EWARM/../Middlewares/gui/GUI/Widget\
#        -I
#        E:\DLP_Proj\DLP_source\branches\DLP_opensource\EWARM/../Middlewares/gui/GUI/WM\
#        -I
#        E:\DLP_Proj\DLP_source\branches\DLP_opensource\EWARM/../Middlewares/gui/GUI_X\
#        -I
#        E:\DLP_Proj\DLP_source\branches\DLP_opensource\EWARM/../Middlewares/gui/Config\
#        -I E:\DLP_Proj\DLP_source\branches\DLP_opensource\EWARM/../User/ui\ -I
#        E:\DLP_Proj\DLP_source\branches\DLP_opensource\EWARM/../User/ui/Multi_language\
#        -I
#        E:\DLP_Proj\DLP_source\branches\DLP_opensource\EWARM/../User/ui/QRENCODE\
#        -Om --use_c++_inline -I "C:\Program Files (x86)\IAR Systems\Embedded
#        Workbench 7.0\arm\CMSIS\Include\"
#    List file    =  
#        E:\DLP_Proj\DLP_source\branches\DLP_opensource\EWARM\mksDLP/List\LISTVIEW_Default.lst
#    Object file  =  
#        E:\DLP_Proj\DLP_source\branches\DLP_opensource\EWARM\mksDLP/Obj\LISTVIEW_Default.o
#
###############################################################################

E:\DLP_Proj\DLP_source\branches\DLP_opensource\Middlewares\gui\GUI\Widget\LISTVIEW_Default.c
      1          /*
      2          *********************************************************************************************************
      3          *                                                uC/GUI
      4          *                        Universal graphic software for embedded applications
      5          *
      6          *                       (c) Copyright 2002, Micrium Inc., Weston, FL
      7          *                       (c) Copyright 2002, SEGGER Microcontroller Systeme GmbH
      8          *
      9          *              µC/GUI is protected by international copyright laws. Knowledge of the
     10          *              source code may not be used to write a similar product. This file may
     11          *              only be used in accordance with a license and should not be redistributed
     12          *              in any way. We appreciate your understanding and fairness.
     13          *
     14          ----------------------------------------------------------------------
     15          File        : LISTVIEW_Default.c
     16          Purpose     : Implementation of listview widget
     17          ---------------------------END-OF-HEADER------------------------------
     18          */
     19          
     20          #include "LISTVIEW_Private.h"
     21          
     22          #if GUI_WINSUPPORT
     23          
     24          /*********************************************************************
     25          *
     26          *       Exported routines:  Various methods
     27          *
     28          **********************************************************************
     29          */
     30          /*********************************************************************
     31          *
     32          *       LISTVIEW_SetDefaultFont
     33          */

   \                                 In section .text, align 2, keep-with-next
     34          const GUI_FONT GUI_UNI_PTR * LISTVIEW_SetDefaultFont(const GUI_FONT GUI_UNI_PTR * pFont) {
     35            const GUI_FONT GUI_UNI_PTR * pOldFont = LISTVIEW_DefaultProps.pFont;
   \                     LISTVIEW_SetDefaultFont: (+1)
   \   00000000   0x....             LDR.N    R2,??DataTable3
   \   00000002   0x69D1             LDR      R1,[R2, #+28]
     36            LISTVIEW_DefaultProps.pFont = pFont;
   \   00000004   0x61D0             STR      R0,[R2, #+28]
     37            return pOldFont;
   \   00000006   0x4608             MOV      R0,R1
   \   00000008   0x4770             BX       LR               ;; return
     38          }
     39          
     40          /*********************************************************************
     41          *
     42          *       LISTVIEW_SetDefaultTextColor
     43          */

   \                                 In section .text, align 2, keep-with-next
     44          GUI_COLOR LISTVIEW_SetDefaultTextColor(unsigned Index, GUI_COLOR Color) {
     45            GUI_COLOR OldColor = 0;
   \                     LISTVIEW_SetDefaultTextColor: (+1)
   \   00000000   0x2200             MOVS     R2,#+0
     46            if (Index < GUI_COUNTOF(LISTVIEW_DefaultProps.aTextColor)) {
   \   00000002   0x2803             CMP      R0,#+3
   \   00000004   0xD204             BCS.N    ??LISTVIEW_SetDefaultTextColor_0
     47              OldColor = LISTVIEW_DefaultProps.aTextColor[Index];
   \   00000006   0x....             LDR.N    R2,??DataTable3
   \   00000008   0xEB02 0x0080      ADD      R0,R2,R0, LSL #+2
   \   0000000C   0x68C2             LDR      R2,[R0, #+12]
     48              LISTVIEW_DefaultProps.aTextColor[Index] = Color;
   \   0000000E   0x60C1             STR      R1,[R0, #+12]
     49            }
     50            return OldColor;
   \                     ??LISTVIEW_SetDefaultTextColor_0: (+1)
   \   00000010   0x4610             MOV      R0,R2
   \   00000012   0x4770             BX       LR               ;; return
     51          }
     52          
     53          /*********************************************************************
     54          *
     55          *       LISTVIEW_SetDefaultBkColor
     56          */

   \                                 In section .text, align 2, keep-with-next
     57          GUI_COLOR LISTVIEW_SetDefaultBkColor(unsigned Index, GUI_COLOR Color) {
     58            GUI_COLOR OldColor = 0;
   \                     LISTVIEW_SetDefaultBkColor: (+1)
   \   00000000   0x2200             MOVS     R2,#+0
     59            if (Index < GUI_COUNTOF(LISTVIEW_DefaultProps.aBkColor)) {
   \   00000002   0x2803             CMP      R0,#+3
   \   00000004   0xD204             BCS.N    ??LISTVIEW_SetDefaultBkColor_0
     60              OldColor = LISTVIEW_DefaultProps.aBkColor[Index];
   \   00000006   0x....             LDR.N    R3,??DataTable3
   \   00000008   0xF853 0x2020      LDR      R2,[R3, R0, LSL #+2]
     61              LISTVIEW_DefaultProps.aBkColor[Index] = Color;
   \   0000000C   0xF843 0x1020      STR      R1,[R3, R0, LSL #+2]
     62            }
     63            return OldColor;
   \                     ??LISTVIEW_SetDefaultBkColor_0: (+1)
   \   00000010   0x4610             MOV      R0,R2
   \   00000012   0x4770             BX       LR               ;; return
     64          }
     65          
     66          /*********************************************************************
     67          *
     68          *       LISTVIEW_SetDefaultGridColor
     69          */

   \                                 In section .text, align 2, keep-with-next
     70          GUI_COLOR LISTVIEW_SetDefaultGridColor(GUI_COLOR Color) {
     71            GUI_COLOR OldColor = LISTVIEW_DefaultProps.GridColor;
   \                     LISTVIEW_SetDefaultGridColor: (+1)
   \   00000000   0x....             LDR.N    R2,??DataTable3
   \   00000002   0x6991             LDR      R1,[R2, #+24]
     72            LISTVIEW_DefaultProps.GridColor = Color;
   \   00000004   0x6190             STR      R0,[R2, #+24]
     73            return OldColor;
   \   00000006   0x4608             MOV      R0,R1
   \   00000008   0x4770             BX       LR               ;; return
     74          }

   \                                 In section .text, align 4, keep-with-next
   \                     ??DataTable3:
   \   00000000   0x........         DC32     LISTVIEW_DefaultProps
     75          
     76          #else                            /* Avoid problems with empty object modules */
     77            void LISTVIEW_Default_C(void) {}
     78          #endif
     79          
     80          /*************************** End of file ****************************/

   Maximum stack usage in bytes:

   .cstack Function
   ------- --------
       0   LISTVIEW_SetDefaultBkColor
       0   LISTVIEW_SetDefaultFont
       0   LISTVIEW_SetDefaultGridColor
       0   LISTVIEW_SetDefaultTextColor


   Section sizes:

   Bytes  Function/Label
   -----  --------------
       4  ??DataTable3
      20  LISTVIEW_SetDefaultBkColor
      10  LISTVIEW_SetDefaultFont
      10  LISTVIEW_SetDefaultGridColor
      20  LISTVIEW_SetDefaultTextColor

 
 64 bytes in section .text
 
 64 bytes of CODE memory

Errors: none
Warnings: none
