###############################################################################
#
# IAR ELF Linker V7.10.1.6676/W32 for ARM                 18/Jul/2019  15:14:19
# Copyright 2007-2014 IAR Systems AB.
#
#    Output file  =  
#        E:\DLP_Proj\DLP_source\branches\DLP_opensource\EWARM\mksDLP\Exe\mksDLP.out
#    Map file     =  
#        E:\DLP_Proj\DLP_source\branches\DLP_opensource\EWARM\mksDLP/List\mksDLP.map
#    Command line =  
#        E:\DLP_Proj\DLP_source\branches\DLP_opensource\EWARM\mksDLP\Obj\at24cxx.o
#        E:\DLP_Proj\DLP_source\branches\DLP_opensource\EWARM\mksDLP\Obj\blinkm.o
#        E:\DLP_Proj\DLP_source\branches\DLP_opensource\EWARM\mksDLP\Obj\bsp_driver_sd.o
#        E:\DLP_Proj\DLP_source\branches\DLP_opensource\EWARM\mksDLP\Obj\cardreader.o
#        E:\DLP_Proj\DLP_source\branches\DLP_opensource\EWARM\mksDLP\Obj\configuration_store.o
#        E:\DLP_Proj\DLP_source\branches\DLP_opensource\EWARM\mksDLP\Obj\dac_mcp4728.o
#        E:\DLP_Proj\DLP_source\branches\DLP_opensource\EWARM\mksDLP\Obj\digipot_mcp4451.o
#        E:\DLP_Proj\DLP_source\branches\DLP_opensource\EWARM\mksDLP\Obj\diskio.o
#        E:\DLP_Proj\DLP_source\branches\DLP_opensource\EWARM\mksDLP\Obj\dma.o
#        E:\DLP_Proj\DLP_source\branches\DLP_opensource\EWARM\mksDLP\Obj\draw_about.o
#        E:\DLP_Proj\DLP_source\branches\DLP_opensource\EWARM\mksDLP\Obj\draw_detection.o
#        E:\DLP_Proj\DLP_source\branches\DLP_opensource\EWARM\mksDLP\Obj\draw_dialog.o
#        E:\DLP_Proj\DLP_source\branches\DLP_opensource\EWARM\mksDLP\Obj\draw_ExposureTest.o
#        E:\DLP_Proj\DLP_source\branches\DLP_opensource\EWARM\mksDLP\Obj\draw_info.o
#        E:\DLP_Proj\DLP_source\branches\DLP_opensource\EWARM\mksDLP\Obj\draw_keyboard.o
#        E:\DLP_Proj\DLP_source\branches\DLP_opensource\EWARM\mksDLP\Obj\draw_language.o
#        E:\DLP_Proj\DLP_source\branches\DLP_opensource\EWARM\mksDLP\Obj\draw_move_motor.o
#        E:\DLP_Proj\DLP_source\branches\DLP_opensource\EWARM\mksDLP\Obj\draw_operate.o
#        E:\DLP_Proj\DLP_source\branches\DLP_opensource\EWARM\mksDLP\Obj\draw_preview.o
#        E:\DLP_Proj\DLP_source\branches\DLP_opensource\EWARM\mksDLP\Obj\draw_print_file.o
#        E:\DLP_Proj\DLP_source\branches\DLP_opensource\EWARM\mksDLP\Obj\draw_printing.o
#        E:\DLP_Proj\DLP_source\branches\DLP_opensource\EWARM\mksDLP\Obj\draw_ready_print.o
#        E:\DLP_Proj\DLP_source\branches\DLP_opensource\EWARM\mksDLP\Obj\draw_service.o
#        E:\DLP_Proj\DLP_source\branches\DLP_opensource\EWARM\mksDLP\Obj\draw_set.o
#        E:\DLP_Proj\DLP_source\branches\DLP_opensource\EWARM\mksDLP\Obj\draw_tool.o
#        E:\DLP_Proj\DLP_source\branches\DLP_opensource\EWARM\mksDLP\Obj\draw_ui.o
#        E:\DLP_Proj\DLP_source\branches\DLP_opensource\EWARM\mksDLP\Obj\endstops.o
#        E:\DLP_Proj\DLP_source\branches\DLP_opensource\EWARM\mksDLP\Obj\fatfs.o
#        E:\DLP_Proj\DLP_source\branches\DLP_opensource\EWARM\mksDLP\Obj\ff.o
#        E:\DLP_Proj\DLP_source\branches\DLP_opensource\EWARM\mksDLP\Obj\ff_gen_drv.o
#        E:\DLP_Proj\DLP_source\branches\DLP_opensource\EWARM\mksDLP\Obj\Font24_MS.o
#        E:\DLP_Proj\DLP_source\branches\DLP_opensource\EWARM\mksDLP\Obj\fsmc.o
#        E:\DLP_Proj\DLP_source\branches\DLP_opensource\EWARM\mksDLP\Obj\G26_Mesh_Validation_Tool.o
#        E:\DLP_Proj\DLP_source\branches\DLP_opensource\EWARM\mksDLP\Obj\gcode.o
#        E:\DLP_Proj\DLP_source\branches\DLP_opensource\EWARM\mksDLP\Obj\gpio.o
#        E:\DLP_Proj\DLP_source\branches\DLP_opensource\EWARM\mksDLP\Obj\hex_print_routines.o
#        E:\DLP_Proj\DLP_source\branches\DLP_opensource\EWARM\mksDLP\Obj\i2c.o
#        E:\DLP_Proj\DLP_source\branches\DLP_opensource\EWARM\mksDLP\Obj\id_manage.o
#        E:\DLP_Proj\DLP_source\branches\DLP_opensource\EWARM\mksDLP\Obj\ili9488.o
#        E:\DLP_Proj\DLP_source\branches\DLP_opensource\EWARM\mksDLP\Obj\iwdg.o
#        E:\DLP_Proj\DLP_source\branches\DLP_opensource\EWARM\mksDLP\Obj\least_squares_fit.o
#        E:\DLP_Proj\DLP_source\branches\DLP_opensource\EWARM\mksDLP\Obj\M100_Free_Mem_Chk.o
#        E:\DLP_Proj\DLP_source\branches\DLP_opensource\EWARM\mksDLP\Obj\main.o
#        E:\DLP_Proj\DLP_source\branches\DLP_opensource\EWARM\mksDLP\Obj\Marlin_main.o
#        E:\DLP_Proj\DLP_source\branches\DLP_opensource\EWARM\mksDLP\Obj\MarlinSerial.o
#        E:\DLP_Proj\DLP_source\branches\DLP_opensource\EWARM\mksDLP\Obj\mesh_bed_leveling.o
#        E:\DLP_Proj\DLP_source\branches\DLP_opensource\EWARM\mksDLP\Obj\misc.o
#        E:\DLP_Proj\DLP_source\branches\DLP_opensource\EWARM\mksDLP\Obj\mks_cfg.o
#        E:\DLP_Proj\DLP_source\branches\DLP_opensource\EWARM\mksDLP\Obj\mks_fontHz14.o
#        E:\DLP_Proj\DLP_source\branches\DLP_opensource\EWARM\mksDLP\Obj\mks_touch_screen.o
#        E:\DLP_Proj\DLP_source\branches\DLP_opensource\EWARM\mksDLP\Obj\mks_variant.o
#        E:\DLP_Proj\DLP_source\branches\DLP_opensource\Middlewares\mksDLP.a
#        E:\DLP_Proj\DLP_source\branches\DLP_opensource\EWARM\mksDLP\Obj\multi_language.o
#        E:\DLP_Proj\DLP_source\branches\DLP_opensource\EWARM\mksDLP\Obj\mycc936.o
#        E:\DLP_Proj\DLP_source\branches\DLP_opensource\EWARM\mksDLP\Obj\pic.o
#        E:\DLP_Proj\DLP_source\branches\DLP_opensource\EWARM\mksDLP\Obj\pic_manager.o
#        E:\DLP_Proj\DLP_source\branches\DLP_opensource\EWARM\mksDLP\Obj\planner.o
#        E:\DLP_Proj\DLP_source\branches\DLP_opensource\EWARM\mksDLP\Obj\planner_bezier.o
#        E:\DLP_Proj\DLP_source\branches\DLP_opensource\EWARM\mksDLP\Obj\Print.o
#        E:\DLP_Proj\DLP_source\branches\DLP_opensource\EWARM\mksDLP\Obj\printcounter.o
#        E:\DLP_Proj\DLP_source\branches\DLP_opensource\EWARM\mksDLP\Obj\RingBuffer.o
#        E:\DLP_Proj\DLP_source\branches\DLP_opensource\EWARM\mksDLP\Obj\rtc.o
#        E:\DLP_Proj\DLP_source\branches\DLP_opensource\EWARM\mksDLP\Obj\sd_diskio.o
#        E:\DLP_Proj\DLP_source\branches\DLP_opensource\EWARM\mksDLP\Obj\sdio.o
#        E:\DLP_Proj\DLP_source\branches\DLP_opensource\EWARM\mksDLP\Obj\serial.o
#        E:\DLP_Proj\DLP_source\branches\DLP_opensource\EWARM\mksDLP\Obj\servo.o
#        E:\DLP_Proj\DLP_source\branches\DLP_opensource\EWARM\mksDLP\Obj\spi.o
#        E:\DLP_Proj\DLP_source\branches\DLP_opensource\EWARM\mksDLP\Obj\spi_flash.o
#        E:\DLP_Proj\DLP_source\branches\DLP_opensource\EWARM\mksDLP\Obj\ssd2828.o
#        E:\DLP_Proj\DLP_source\branches\DLP_opensource\EWARM\mksDLP\Obj\startup_stm32f407xx.o
#        E:\DLP_Proj\DLP_source\branches\DLP_opensource\EWARM\mksDLP\Obj\stepper.o
#        E:\DLP_Proj\DLP_source\branches\DLP_opensource\EWARM\mksDLP\Obj\stepper_dac.o
#        E:\DLP_Proj\DLP_source\branches\DLP_opensource\EWARM\mksDLP\Obj\stepper_indirection.o
#        E:\DLP_Proj\DLP_source\branches\DLP_opensource\EWARM\mksDLP\Obj\stm32f4xx_fsmc.o
#        E:\DLP_Proj\DLP_source\branches\DLP_opensource\EWARM\mksDLP\Obj\stm32f4xx_gpio.o
#        E:\DLP_Proj\DLP_source\branches\DLP_opensource\EWARM\mksDLP\Obj\stm32f4xx_hal.o
#        E:\DLP_Proj\DLP_source\branches\DLP_opensource\EWARM\mksDLP\Obj\stm32f4xx_hal_adc.o
#        E:\DLP_Proj\DLP_source\branches\DLP_opensource\EWARM\mksDLP\Obj\stm32f4xx_hal_adc_ex.o
#        E:\DLP_Proj\DLP_source\branches\DLP_opensource\EWARM\mksDLP\Obj\stm32f4xx_hal_cortex.o
#        E:\DLP_Proj\DLP_source\branches\DLP_opensource\EWARM\mksDLP\Obj\stm32f4xx_hal_dac.o
#        E:\DLP_Proj\DLP_source\branches\DLP_opensource\EWARM\mksDLP\Obj\stm32f4xx_hal_dac_ex.o
#        E:\DLP_Proj\DLP_source\branches\DLP_opensource\EWARM\mksDLP\Obj\stm32f4xx_hal_dma.o
#        E:\DLP_Proj\DLP_source\branches\DLP_opensource\EWARM\mksDLP\Obj\stm32f4xx_hal_dma_ex.o
#        E:\DLP_Proj\DLP_source\branches\DLP_opensource\EWARM\mksDLP\Obj\stm32f4xx_hal_flash.o
#        E:\DLP_Proj\DLP_source\branches\DLP_opensource\EWARM\mksDLP\Obj\stm32f4xx_hal_flash_ex.o
#        E:\DLP_Proj\DLP_source\branches\DLP_opensource\EWARM\mksDLP\Obj\stm32f4xx_hal_flash_ramfunc.o
#        E:\DLP_Proj\DLP_source\branches\DLP_opensource\EWARM\mksDLP\Obj\stm32f4xx_hal_gpio.o
#        E:\DLP_Proj\DLP_source\branches\DLP_opensource\EWARM\mksDLP\Obj\stm32f4xx_hal_hcd.o
#        E:\DLP_Proj\DLP_source\branches\DLP_opensource\EWARM\mksDLP\Obj\stm32f4xx_hal_i2c.o
#        E:\DLP_Proj\DLP_source\branches\DLP_opensource\EWARM\mksDLP\Obj\stm32f4xx_hal_i2c_ex.o
#        E:\DLP_Proj\DLP_source\branches\DLP_opensource\EWARM\mksDLP\Obj\stm32f4xx_hal_iwdg.o
#        E:\DLP_Proj\DLP_source\branches\DLP_opensource\EWARM\mksDLP\Obj\stm32f4xx_hal_msp.o
#        E:\DLP_Proj\DLP_source\branches\DLP_opensource\EWARM\mksDLP\Obj\stm32f4xx_hal_pwr.o
#        E:\DLP_Proj\DLP_source\branches\DLP_opensource\EWARM\mksDLP\Obj\stm32f4xx_hal_pwr_ex.o
#        E:\DLP_Proj\DLP_source\branches\DLP_opensource\EWARM\mksDLP\Obj\stm32f4xx_hal_rcc.o
#        E:\DLP_Proj\DLP_source\branches\DLP_opensource\EWARM\mksDLP\Obj\stm32f4xx_hal_rcc_ex.o
#        E:\DLP_Proj\DLP_source\branches\DLP_opensource\EWARM\mksDLP\Obj\stm32f4xx_hal_rtc.o
#        E:\DLP_Proj\DLP_source\branches\DLP_opensource\EWARM\mksDLP\Obj\stm32f4xx_hal_rtc_ex.o
#        E:\DLP_Proj\DLP_source\branches\DLP_opensource\EWARM\mksDLP\Obj\stm32f4xx_hal_sd.o
#        E:\DLP_Proj\DLP_source\branches\DLP_opensource\EWARM\mksDLP\Obj\stm32f4xx_hal_spi.o
#        E:\DLP_Proj\DLP_source\branches\DLP_opensource\EWARM\mksDLP\Obj\stm32f4xx_hal_sram.o
#        E:\DLP_Proj\DLP_source\branches\DLP_opensource\EWARM\mksDLP\Obj\stm32f4xx_hal_tim.o
#        E:\DLP_Proj\DLP_source\branches\DLP_opensource\EWARM\mksDLP\Obj\stm32f4xx_hal_tim_ex.o
#        E:\DLP_Proj\DLP_source\branches\DLP_opensource\EWARM\mksDLP\Obj\stm32f4xx_hal_uart.o
#        E:\DLP_Proj\DLP_source\branches\DLP_opensource\EWARM\mksDLP\Obj\stm32f4xx_it.o
#        E:\DLP_Proj\DLP_source\branches\DLP_opensource\EWARM\mksDLP\Obj\stm32f4xx_ll_fsmc.o
#        E:\DLP_Proj\DLP_source\branches\DLP_opensource\EWARM\mksDLP\Obj\stm32f4xx_ll_sdmmc.o
#        E:\DLP_Proj\DLP_source\branches\DLP_opensource\EWARM\mksDLP\Obj\stm32f4xx_ll_usb.o
#        E:\DLP_Proj\DLP_source\branches\DLP_opensource\EWARM\mksDLP\Obj\stm32f4xx_spi.o
#        E:\DLP_Proj\DLP_source\branches\DLP_opensource\EWARM\mksDLP\Obj\stm32f4xx_usart.o
#        E:\DLP_Proj\DLP_source\branches\DLP_opensource\EWARM\mksDLP\Obj\stopwatch.o
#        E:\DLP_Proj\DLP_source\branches\DLP_opensource\EWARM\mksDLP\Obj\Stream.o
#        E:\DLP_Proj\DLP_source\branches\DLP_opensource\EWARM\mksDLP\Obj\string_deal.o
#        E:\DLP_Proj\DLP_source\branches\DLP_opensource\EWARM\mksDLP\Obj\syscall.o
#        E:\DLP_Proj\DLP_source\branches\DLP_opensource\EWARM\mksDLP\Obj\system_stm32f4xx.o
#        E:\DLP_Proj\DLP_source\branches\DLP_opensource\EWARM\mksDLP\Obj\temperature.o
#        E:\DLP_Proj\DLP_source\branches\DLP_opensource\EWARM\mksDLP\Obj\tim.o
#        E:\DLP_Proj\DLP_source\branches\DLP_opensource\EWARM\mksDLP\Obj\twibus.o
#        E:\DLP_Proj\DLP_source\branches\DLP_opensource\EWARM\mksDLP\Obj\ubl.o
#        E:\DLP_Proj\DLP_source\branches\DLP_opensource\EWARM\mksDLP\Obj\ubl_G29.o
#        E:\DLP_Proj\DLP_source\branches\DLP_opensource\EWARM\mksDLP\Obj\ubl_motion.o
#        E:\DLP_Proj\DLP_source\branches\DLP_opensource\EWARM\mksDLP\Obj\usart.o
#        E:\DLP_Proj\DLP_source\branches\DLP_opensource\EWARM\mksDLP\Obj\USARTClass.o
#        E:\DLP_Proj\DLP_source\branches\DLP_opensource\EWARM\mksDLP\Obj\usb_host.o
#        E:\DLP_Proj\DLP_source\branches\DLP_opensource\EWARM\mksDLP\Obj\usbh_conf.o
#        E:\DLP_Proj\DLP_source\branches\DLP_opensource\EWARM\mksDLP\Obj\usbh_core.o
#        E:\DLP_Proj\DLP_source\branches\DLP_opensource\EWARM\mksDLP\Obj\usbh_ctlreq.o
#        E:\DLP_Proj\DLP_source\branches\DLP_opensource\EWARM\mksDLP\Obj\usbh_diskio.o
#        E:\DLP_Proj\DLP_source\branches\DLP_opensource\EWARM\mksDLP\Obj\usbh_ioreq.o
#        E:\DLP_Proj\DLP_source\branches\DLP_opensource\EWARM\mksDLP\Obj\usbh_msc.o
#        E:\DLP_Proj\DLP_source\branches\DLP_opensource\EWARM\mksDLP\Obj\usbh_msc_bot.o
#        E:\DLP_Proj\DLP_source\branches\DLP_opensource\EWARM\mksDLP\Obj\usbh_msc_scsi.o
#        E:\DLP_Proj\DLP_source\branches\DLP_opensource\EWARM\mksDLP\Obj\usbh_pipes.o
#        E:\DLP_Proj\DLP_source\branches\DLP_opensource\EWARM\mksDLP\Obj\utility.o
#        E:\DLP_Proj\DLP_source\branches\DLP_opensource\EWARM\mksDLP\Obj\vector_3.o
#        E:\DLP_Proj\DLP_source\branches\DLP_opensource\EWARM\mksDLP\Obj\watchdog.o
#        E:\DLP_Proj\DLP_source\branches\DLP_opensource\EWARM\mksDLP\Obj\WMath.o
#        E:\DLP_Proj\DLP_source\branches\DLP_opensource\EWARM\mksDLP\Obj\WString.o
#        --redirect _Printf=_PrintfFull --redirect _Scanf=_ScanfFull -o
#        E:\DLP_Proj\DLP_source\branches\DLP_opensource\EWARM\mksDLP\Exe\mksDLP.out
#        --map
#        E:\DLP_Proj\DLP_source\branches\DLP_opensource\EWARM\mksDLP/List\mksDLP.map
#        --log
#        libraries,initialization,modules,redirects,sections,veneers,unused_fragments
#        --log_file
#        E:\DLP_Proj\DLP_source\branches\DLP_opensource\EWARM\mksDLP/List\mksDLP.log
#        --config
#        E:\DLP_Proj\DLP_source\branches\DLP_opensource\EWARM/stm32f407xx_flash.icf
#        --semihosting --entry __iar_program_start --vfe
#
###############################################################################

*******************************************************************************
*** RUNTIME MODEL ATTRIBUTES
***

CppFlavor                     = *
__CPP_Language                = EC++
__Heap_Handler                = DLMalloc
__SystemLibrary               = DLib
__dlib_dynamic_initialization = normal


*******************************************************************************
*** PLACEMENT SUMMARY
***

"A1":  place at 0x08010000 { ro section .intvec };
"P1":  place in [from 0x08010000 to 0x080fffff] { ro };
"P2":  place in [from 0x20000000 to 0x2001ffff] { rw, block CSTACK, block HEAP };

  Section             Kind        Address     Size  Object
  -------             ----        -------     ----  ------
"A1":                                        0x188
  .intvec             ro code  0x08010000    0x188  startup_stm32f407xx.o [1]
                             - 0x08010188    0x188

"P1":                                      0x41a0a
  .rodata             const    0x08010188   0xff14  Font24_MS.o [1]
  .text               ro code  0x0802009c   0x5200  Marlin_main.o [1]
  .text               ro code  0x0802529c    0x87c  cardreader.o [1]
  .text               ro code  0x08025b18     0xda  stopwatch.o [1]
  .text               ro code  0x08025bf2     0x14  Marlin_main.o [1]
  .text               ro code  0x08025c06     0x22  zero_init3.o [6]
  .text               ro code  0x08025c28     0x6c  strncpy_unaligned.o [6]
  .text               ro code  0x08025c94     0x38  Marlin_main.o [1]
  .text               ro code  0x08025ccc     0x1c  temperature.o [1]
  .text               ro code  0x08025ce8    0x110  serial.o [1]
  .text               ro code  0x08025df8    0x150  USARTClass.o [1]
  .text               ro code  0x08025f48    0x248  Print.o [1]
  .text               ro code  0x08026190    0x228  Marlin_main.o [1]
  .text               ro code  0x080263b8     0x16  Marlin_main.o [1]
  .text               ro code  0x080263ce     0x22  Marlin_main.o [1]
  .text               ro code  0x080263f0     0x20  Marlin_main.o [1]
  .text               ro code  0x08026410    0x598  stepper.o [1]
  .text               ro code  0x080269a8     0x10  Marlin_main.o [1]
  .text               ro code  0x080269b8     0x1e  Marlin_main.o [1]
  .text               ro code  0x080269d6      0xa  xsprout.o [3]
  .text               ro code  0x080269e0      0xc  Marlin_main.o [1]
  .text               ro code  0x080269ec     0x4e  FltToDbl.o [4]
  .rodata             const    0x08026a3a      0x2  Marlin_main.o [1]
  .text               ro code  0x08026a3c    0x1a2  DblMul.o [4]
  .text               ro code  0x08026be0     0x30  I32ToDbl.o [4]
  .text               ro code  0x08026c10     0x90  DblToFlt.o [4]
  .text               ro code  0x08026ca0     0x50  Marlin_main.o [1]
  .text               ro code  0x08026cf0     0x4c  planner.o [1]
  .text               ro code  0x08026d3c      0x4  Marlin_main.o [1]
  .text               ro code  0x08026d40     0x24  Marlin_main.o [1]
  .text               ro code  0x08026d64      0x4  Marlin_main.o [1]
  .text               ro code  0x08026d68     0x88  stm32f4xx_hal.o [1]
  .text               ro code  0x08026df0     0x48  Marlin_main.o [1]
  .text               ro code  0x08026e38     0x18  Marlin_main.o [1]
  .text               ro code  0x08026e50    0x210  Marlin_main.o [1]
  .text               ro code  0x08027060     0x48  Marlin_main.o [1]
  .text               ro code  0x080270a8     0xe8  Marlin_main.o [1]
  .text               ro code  0x08027190     0xa0  Marlin_main.o [1]
  .text               ro code  0x08027230     0x18  Marlin_main.o [1]
  .text               ro code  0x08027248     0x24  Marlin_main.o [1]
  .text               ro code  0x0802726c      0xc  Marlin_main.o [1]
  .text               ro code  0x08027278     0x44  Marlin_main.o [1]
  .text               ro code  0x080272bc     0x2c  Marlin_main.o [1]
  .text               ro code  0x080272e8    0x5b0  draw_ui.o [1]
  .text               ro code  0x08027898    0xac4  draw_printing.o [1]
  .text               ro code  0x0802835c     0x20  Marlin_main.o [1]
  .text               ro code  0x0802837c     0x74  Marlin_main.o [1]
  .text               ro code  0x080283f0     0x2c  Marlin_main.o [1]
  .text               ro code  0x0802841c      0xc  Marlin_main.o [1]
  .text               ro code  0x08028428     0x18  Marlin_main.o [1]
  .text               ro code  0x08028440      0x2  Marlin_main.o [1]
  .text               ro code  0x08028444     0x2c  Marlin_main.o [1]
  .text               ro code  0x08028470     0x68  Marlin_main.o [1]
  .text               ro code  0x080284d8     0x14  Marlin_main.o [1]
  .text               ro code  0x080284ec     0x4c  Marlin_main.o [1]
  .text               ro code  0x08028538     0x7c  Marlin_main.o [1]
  .text               ro code  0x080285b4      0xc  Marlin_main.o [1]
  .text               ro code  0x080285c0      0xc  Marlin_main.o [1]
  .text               ro code  0x080285cc      0xc  Marlin_main.o [1]
  .text               ro code  0x080285d8     0xec  Marlin_main.o [1]
  .text               ro code  0x080286c4     0x1c  Marlin_main.o [1]
  .text               ro code  0x080286e0     0x88  Marlin_main.o [1]
  .text               ro code  0x08028768      0xc  Marlin_main.o [1]
  .text               ro code  0x08028774      0xc  Marlin_main.o [1]
  .text               ro code  0x08028780      0x4  Marlin_main.o [1]
  .text               ro code  0x08028784     0x28  Marlin_main.o [1]
  .text               ro code  0x080287ac     0x34  Marlin_main.o [1]
  .text               ro code  0x080287e0    0x240  Marlin_main.o [1]
  .text               ro code  0x08028a20     0x3c  Marlin_main.o [1]
  .text               ro code  0x08028a5c     0x24  Marlin_main.o [1]
  .text               ro code  0x08028a80     0x2c  Marlin_main.o [1]
  .text               ro code  0x08028aac      0xc  Marlin_main.o [1]
  .text               ro code  0x08028ab8      0xc  Marlin_main.o [1]
  .text               ro code  0x08028ac4     0x94  Marlin_main.o [1]
  .text               ro code  0x08028b58     0x1c  Marlin_main.o [1]
  .text               ro code  0x08028b74     0xa0  Marlin_main.o [1]
  .text               ro code  0x08028c14      0xe  Marlin_main.o [1]
  .text               ro code  0x08028c24     0xb8  Marlin_main.o [1]
  .text               ro code  0x08028cdc     0x10  Marlin_main.o [1]
  .text               ro code  0x08028cec     0x4c  Marlin_main.o [1]
  .text               ro code  0x08028d38      0x4  Marlin_main.o [1]
  .text               ro code  0x08028d3c      0x6  Marlin_main.o [1]
  .text               ro code  0x08028d42      0x6  Marlin_main.o [1]
  .text               ro code  0x08028d48     0x58  Marlin_main.o [1]
  .text               ro code  0x08028da0     0x40  Marlin_main.o [1]
  .text               ro code  0x08028de0     0x38  Marlin_main.o [1]
  .text               ro code  0x08028e18     0xb8  Marlin_main.o [1]
  .text               ro code  0x08028ed0     0xa0  Marlin_main.o [1]
  .text               ro code  0x08028f70     0x30  Marlin_main.o [1]
  .text               ro code  0x08028fa0     0xf0  Marlin_main.o [1]
  .text               ro code  0x08029090     0x1c  Marlin_main.o [1]
  .text               ro code  0x080290ac     0x38  Marlin_main.o [1]
  .text               ro code  0x080290e4     0x94  Marlin_main.o [1]
  .text               ro code  0x08029178    0x110  Marlin_main.o [1]
  .text               ro code  0x08029288     0x70  Marlin_main.o [1]
  .text               ro code  0x080292f8      0x4  Marlin_main.o [1]
  .text               ro code  0x080292fc    0x10c  Marlin_main.o [1]
  .text               ro code  0x08029408      0x4  Marlin_main.o [1]
  .text               ro code  0x0802940c      0x4  Marlin_main.o [1]
  .text               ro code  0x08029410      0x4  Marlin_main.o [1]
  .text               ro code  0x08029414     0x24  Marlin_main.o [1]
  .text               ro code  0x08029438      0x2  Marlin_main.o [1]
  .text               ro code  0x0802943c     0x1c  Marlin_main.o [1]
  .text               ro code  0x08029458     0x24  Marlin_main.o [1]
  .text               ro code  0x0802947c     0x10  Marlin_main.o [1]
  .text               ro code  0x0802948c    0x224  gcode.o [1]
  .text               ro code  0x080296b0      0xc  memcpy.o [3]
  .text               ro code  0x080296bc     0x44  Marlin_main.o [1]
  .text               ro code  0x08029700     0x14  Marlin_main.o [1]
  .text               ro code  0x08029714     0x1c  sqrtf.o [4]
  .text               ro code  0x08029730     0x6e  atan2f.o [4]
  .text               ro code  0x080297a0     0xe8  DblAdd.o [4]
  .text               ro code  0x08029888     0x4a  floorf.o [4]
  .text               ro code  0x080298d4    0x180  DblSub.o [4]
  .text               ro code  0x08029a54      0x6  cosf.o [4]
  .text               ro code  0x08029a5a      0x6  sinf.o [4]
  .text               ro code  0x08029a60     0x18  Marlin_main.o [1]
  .text               ro code  0x08029a78    0xb88  temperature.o [1]
  .text               ro code  0x0802a600    0x326  stm32f4xx_hal_gpio.o [1]
  .text               ro code  0x0802a928     0x18  planner.o [1]
  .text               ro code  0x0802a940   0x10dc  planner.o [1]
  .text               ro code  0x0802ba1c     0xf4  GUI_TOUCH_DriverAnalog.o [5]
  .text               ro code  0x0802bb10     0x3c  GUI_Exec.o [5]
  .text               ro code  0x0802bb4c   0x13e4  configuration_store.o [1]
  .text               ro code  0x0802cf30      0x2  Marlin_main.o [1]
  .text               ro code  0x0802cf32      0x4  WString.o [1]
  .text               ro code  0x0802cf38    0x244  endstops.o [1]
  .text               ro code  0x0802d17c    0x440  main.o [1]
  .text               ro code  0x0802d5bc    0xe88  mks_cfg.o [1]
  .text               ro code  0x0802e444     0x76  ABImemcpy_unaligned.o [6]
  .text               ro code  0x0802e4ba     0x14  memset.o [3]
  .text               ro code  0x0802e4ce      0x2  Marlin_main.o [1]
  .text               ro code  0x0802e4d0     0x34  sprintf.o [3]
  .text               ro code  0x0802e504     0x1c  strcat.o [3]
  .text               ro code  0x0802e520     0x44  strcpy_unaligned.o [6]
  .text               ro code  0x0802e564     0x10  Marlin_main.o [1]
  .text               ro code  0x0802e574    0x6d8  draw_dialog.o [1]
  .text               ro code  0x0802ec4c    0x240  tim.o [1]
  .text               ro code  0x0802ee8c    0x166  at24cxx.o [1]
  .text               ro code  0x0802eff4    0x314  draw_ready_print.o [1]
  .text               ro code  0x0802f308     0x10  atof.o [4]
  .text               ro code  0x0802f318     0x12  Marlin_main.o [1]
  .text               ro code  0x0802f32a     0x2c  Marlin_main.o [1]
  .text               ro code  0x0802f358    0x53c  ssd2828.o [1]
  .text               ro code  0x0802f894     0x14  Marlin_main.o [1]
  .text               ro code  0x0802f8a8      0x8  Marlin_main.o [1]
  .text               ro code  0x0802f8b0    0x30a  spi.o [1]
  .text               ro code  0x0802fbbc    0x652  stm32f4xx_hal_spi.o [1]
  .text               ro code  0x0803020e     0x42  Marlin_main.o [1]
  .text               ro code  0x08030250    0x254  draw_ExposureTest.o [1]
  .text               ro code  0x080304a4     0x58  DblToI32.o [4]
  .text               ro code  0x080304fc      0x8  cardreader.o [1]
  .text               ro code  0x08030504     0x84  ff_gen_drv.o [1]
  .text               ro code  0x08030588     0x74  usb_host.o [1]
  .text               ro code  0x080305fc   0x22be  ff.o [1]
  .text               ro code  0x080328bc      0x6  ABImemclr4.o [6]
  .text               ro code  0x080328c2      0x4  cardreader.o [1]
  .text               ro code  0x080328c8     0x36  strlen.o [6]
  .text               ro code  0x080328fe      0x4  WString.o [1]
  .text               ro code  0x08032904     0x66  ABImemset.o [6]
  .text               ro code  0x0803296c     0x24  Marlin_main.o [1]
  .text               ro code  0x08032990     0x38  RingBuffer.o [1]
  .text               ro code  0x080329c8      0x4  USARTClass.o [1]
  .text               ro code  0x080329cc     0xd0  stm32f4xx_usart.o [1]
  .text               ro code  0x08032a9c     0x24  Print.o [1]
  .text               ro code  0x08032ac0     0x48  xdtest.o [4]
  .text               ro code  0x08032b08     0x2e  DblCmpGe.o [4]
  .text               ro code  0x08032b38     0x2e  DblCmpLe.o [4]
  .text               ro code  0x08032b68    0x246  DblDiv.o [4]
  .text               ro code  0x08032dae      0x6  strtol.o [3]
  .text               ro code  0x08032db4      0x4  WString.o [1]
  .text               ro code  0x08032db8     0x10  Marlin_main.o [1]
  .text               ro code  0x08032dc8      0x2  Marlin_main.o [1]
  .text               ro code  0x08032dcc     0x42  strcmp_unaligned.o [6]
  .text               ro code  0x08032e10     0x14  Marlin_main.o [1]
  .text               ro code  0x08032e24     0x18  Marlin_main.o [1]
  .text               ro code  0x08032e3c    0x730  stm32f4xx_hal_tim.o [1]
  .text               ro code  0x0803356c     0x1c  stepper.o [1]
  .text               ro code  0x08033588     0x1c  stepper.o [1]
  .text               ro code  0x080335a4     0x38  stepper.o [1]
  .text               ro code  0x080335dc     0x2c  stepper.o [1]
  .text               ro code  0x08033608     0x70  stepper.o [1]
  .text               ro code  0x08033678     0x50  stepper.o [1]
  .text               ro code  0x080336c8      0xc  stepper.o [1]
  .text               ro code  0x080336d4     0x10  stepper.o [1]
  .text               ro code  0x080336e4     0x64  planner.o [1]
  .text               ro code  0x08033748      0x4  Marlin_main.o [1]
  .text               ro code  0x0803374c    0x10e  stm32f4xx_hal_cortex.o [1]
  .text               ro code  0x0803385a     0x60  stm32f4xx_hal_msp.o [1]
  .text               ro code  0x080338bc      0xc  temperature.o [1]
  .text               ro code  0x080338c8    0x100  sqrt.o [4]
  .text               ro code  0x080339c8      0x4  Marlin_main.o [1]
  .text               ro code  0x080339cc     0x1c  Marlin_main.o [1]
  .text               ro code  0x080339e8      0x4  Marlin_main.o [1]
  .text               ro code  0x080339ec     0x14  Marlin_main.o [1]
  .text               ro code  0x08033a00     0x14  Marlin_main.o [1]
  .text               ro code  0x08033a14      0x2  Marlin_main.o [1]
  .text               ro code  0x08033a18      0xc  Marlin_main.o [1]
  .text               ro code  0x08033a24     0xec  GUICore.o [5]
  .text               ro code  0x08033b10    0x8a8  draw_print_file.o [1]
  .text               ro code  0x080343b8    0x79c  draw_move_motor.o [1]
  .text               ro code  0x08034b54    0x6a0  draw_operate.o [1]
  .text               ro code  0x080351f4    0x3d4  draw_set.o [1]
  .text               ro code  0x080355c8   0x1158  draw_language.o [1]
  .text               ro code  0x08036720    0x26c  draw_about.o [1]
  .text               ro code  0x0803698c    0x4c8  draw_tool.o [1]
  .text               ro code  0x08036e54    0xebc  draw_keyboard.o [1]
  .text               ro code  0x08037d10    0x56c  draw_detection.o [1]
  .text               ro code  0x0803827c    0x2b4  draw_service.o [1]
  .text               ro code  0x08038530    0x42c  draw_info.o [1]
  .text               ro code  0x0803895c    0x358  draw_preview.o [1]
  .text               ro code  0x08038cb4     0x14  GUI_SetFont.o [5]
  .text               ro code  0x08038cc8     0x2c  BUTTON_Default.o [5]
  .text               ro code  0x08038cf4    0x11c  TEXT.o [5]
  .text               ro code  0x08038e10      0x8  GUI_SetColor.o [5]
  .text               ro code  0x08038e18    0x260  WIDGET.o [5]
  .text               ro code  0x08039078    0x7e0  ili9488.o [1]
  .text               ro code  0x08039858     0xdc  pic_manager.o [1]
  .text               ro code  0x08039934    0x3b6  BUTTON.o [5]
  .text               ro code  0x08039cea     0x1e  BUTTON_Bitmap.o [5]
  .text               ro code  0x08039d08    0xe00  WM.o [5]
  .text               ro code  0x0803ab08     0x30  GUI_UC_EncodeNone.o [5]
  .text               ro code  0x0803ab38     0x10  GUI_DispStringAt.o [5]
  .text               ro code  0x0803ab48    0x10c  GUI_UC_EncodeUTF8.o [5]
  .text               ro code  0x0803ac54     0x2e  TEXT_SetBkColor.o [5]
  .text               ro code  0x0803ac84    0x3d0  PROGBAR.o [5]
  .text               ro code  0x0803b054     0x1c  TEXT_SetTextColor.o [5]
  .text               ro code  0x0803b070     0x26  TEXT_SetText.o [5]
  .text               ro code  0x0803b096      0x4  WM_IsWindow.o [5]
  .text               ro code  0x0803b09a     0x1e  Marlin_main.o [1]
  .text               ro code  0x0803b0b8      0x6  printcounter.o [1]
  .text               ro code  0x0803b0c0     0xe8  printcounter.o [1]
  .text               ro code  0x0803b1a8     0x16  Marlin_main.o [1]
  .text               ro code  0x0803b1be      0x4  planner.o [1]
  .text               ro code  0x0803b1c4     0x14  temperature.o [1]
  .text               ro code  0x0803b1d8      0xc  temperature.o [1]
  .text               ro code  0x0803b1e4     0x16  Marlin_main.o [1]
  .text               ro code  0x0803b1fa      0x2  temperature.o [1]
  .text               ro code  0x0803b1fc     0x10  temperature.o [1]
  .text               ro code  0x0803b20c     0x2c  Marlin_main.o [1]
  .text               ro code  0x0803b238     0x16  Marlin_main.o [1]
  .text               ro code  0x0803b24e     0x5e  utility.o [1]
  .text               ro code  0x0803b2ac      0x4  Marlin_main.o [1]
  .text               ro code  0x0803b2b0      0xc  endstops.o [1]
  .text               ro code  0x0803b2bc     0x30  Marlin_main.o [1]
  .text               ro code  0x0803b2ec     0x18  Marlin_main.o [1]
  .text               ro code  0x0803b304     0x1c  Marlin_main.o [1]
  .text               ro code  0x0803b320      0xa  Marlin_main.o [1]
  .text               ro code  0x0803b32c     0x4c  planner.o [1]
  .text               ro code  0x0803b378      0x2  temperature.o [1]
  .text               ro code  0x0803b37a     0x24  Marlin_main.o [1]
  .text               ro code  0x0803b39e      0x2  Marlin_main.o [1]
  .text               ro code  0x0803b3a0      0x2  Marlin_main.o [1]
  .text               ro code  0x0803b3a4     0x38  gcode.o [1]
  .text               ro code  0x0803b3dc     0x28  Marlin_main.o [1]
  .text               ro code  0x0803b404      0xc  iarEdom.o [6]
  .text               ro code  0x0803b410     0xa4  xatanf.o [4]
  .text               ro code  0x0803b4b4    0x16c  xfsin.o [4]
  .text               ro code  0x0803b620      0x2  temperature.o [1]
  .text               ro code  0x0803b624     0x46  ceilf.o [4]
  .text               ro code  0x0803b66c     0x68  planner.o [1]
  .text               ro code  0x0803b6d4     0x80  planner.o [1]
  .text               ro code  0x0803b754     0x34  planner.o [1]
  .text               ro code  0x0803b788     0x14  planner.o [1]
  .text               ro code  0x0803b79c      0x8  planner.o [1]
  .text               ro code  0x0803b7a4      0x8  planner.o [1]
  .text               ro code  0x0803b7ac     0xa8  planner.o [1]
  .text               ro code  0x0803b854      0x8  labs.o [3]
  .text               ro code  0x0803b85c     0x58  lroundf.o [4]
  .text               ro code  0x0803b8b4      0x4  planner.o [1]
  .text               ro code  0x0803b8b8     0x38  GUI_TOUCH_StoreUnstable.o [5]
  .text               ro code  0x0803b8f0     0x2c  GUI_X_Touch.o [5]
  .text               ro code  0x0803b91c     0x62  memcmp_unaligned.o [6]
  .text               ro code  0x0803b97e     0x2a  strncmp.o [3]
  .text               ro code  0x0803b9a8   0x14c0  dlmalloc.o [3]
  .text               ro code  0x0803ce68     0x2c  strstr.o [3]
  .text               ro code  0x0803ce94      0xe  endstops.o [1]
  .text               ro code  0x0803cea4     0x28  endstops.o [1]
  .text               ro code  0x0803cecc     0x14  misc.o [1]
  .text               ro code  0x0803cee0    0x2c0  gpio.o [1]
  .text               ro code  0x0803d1a0     0xc8  dma.o [1]
  .text               ro code  0x0803d268     0x2c  fatfs.o [1]
  .text               ro code  0x0803d294     0x94  rtc.o [1]
  .text               ro code  0x0803d328     0xac  i2c.o [1]
  .text               ro code  0x0803d3d4    0x15c  sdio.o [1]
  .text               ro code  0x0803d530    0x1e0  usart.o [1]
  .text               ro code  0x0803d710     0x30  stm32f4xx_spi.o [1]
  .text               ro code  0x0803d740   0x2bc0  multi_language.o [1]
  .text               ro code  0x08040300    0x478  stm32f4xx_hal_rcc.o [1]
  .text               ro code  0x08040778    0x128  stm32f4xx_hal_rcc_ex.o [1]
  .text               ro code  0x080408a0    0x108  spi_flash.o [1]
  .text               ro code  0x080409a8     0x2c  mks_cfg.o [1]
  .text               ro code  0x080409d4      0x8  atoi.o [3]
  .text               ro code  0x080409dc   0x1106  xprintffull.o [3]
  .text               ro code  0x08041ae4     0x24  id_manage.o [1]
  .text               ro code  0x08041b08     0x1e  BUTTON_SetTextAlign.o [5]
  .text               ro code  0x08041b28     0x58  stm32f4xx_hal_tim_ex.o [1]
  .text               ro code  0x08041b80    0x9a2  stm32f4xx_hal_i2c.o [1]
  .text               ro code  0x08042524    0x168  xstod.o [4]
  .text               ro code  0x0804268c    0x49c  stm32f4xx_hal_dma.o [1]
  .text               ro code  0x08042b28     0x90  GUI2DLib.o [5]
  .text               ro code  0x08042bb8    0x502  usbh_core.o [1]
  .text               ro code  0x080430bc     0x7c  diskio.o [1]
  .text               ro code  0x08043138    0x46c  mycc936.o [1]
  .text               ro code  0x080435a4     0x32  ABImemset48.o [6]
  .text               ro code  0x080435d8     0x16  strchr.o [6]
  .text               ro code  0x080435ee      0xc  USARTClass.o [1]
  .text               ro code  0x080435fa     0x88  xstol.o [3]
  .text               ro code  0x08043682     0x18  strrchr.o [3]
  .text               ro code  0x0804369a      0xe  strtod.o [4]
  .text               ro code  0x080436a8      0x8  Marlin_main.o [1]
  .text               ro code  0x080436b0     0x20  LCD_L0_Generic.o [5]
  .text               ro code  0x080436d0      0xc  WM_GetDesktopWindow.o [5]
  .text               ro code  0x080436dc    0x314  LCD.o [5]
  .text               ro code  0x080439f0     0x28  GUI_Goto.o [5]
  .text               ro code  0x08043a18      0x4  draw_print_file.o [1]
  .text               ro code  0x08043a1c     0xbc  string_deal.o [1]
  .text               ro code  0x08043ad8     0xac  pic.o [1]
  .text               ro code  0x08043b84     0x1c  TEXT_SetTextAlign.o [5]
  .text               ro code  0x08043ba0     0x50  GUI_FillRect.o [5]
  .text               ro code  0x08043bf0    0x27a  GUIAlloc.o [5]
  .text               ro code  0x08043e6c     0x76  WM_SetTrans.o [5]
  .text               ro code  0x08043ee4     0x10  GUI_SetTextMode.o [5]
  .text               ro code  0x08043ef4     0x3c  WM_GetClientRect.o [5]
  .text               ro code  0x08043f30    0x1d2  GUI_DispStringInRect.o [5]
  .text               ro code  0x08044102     0x1c  GUI_ALLOC_AllocZero.o [5]
  .text               ro code  0x0804411e    0x112  WM__UpdateChildPositions.o [5]
  .text               ro code  0x08044230     0x1a  GUI__ReduceRect.o [5]
  .text               ro code  0x0804424c     0xa0  WM_SetFocus.o [5]
  .text               ro code  0x080442ec     0x62  WM_BringToTop.o [5]
  .text               ro code  0x0804434e     0x10  WM_NotifyParent.o [5]
  .text               ro code  0x08044360     0x26  stm32f4xx_gpio.o [1]
  .text               ro code  0x08044388     0xe8  stm32f4xx_fsmc.o [1]
  .text               ro code  0x08044470     0x14  WM__IsEnabled.o [5]
  .text               ro code  0x08044484      0xa  GUI_GetClientRect.o [5]
  .text               ro code  0x08044490     0x14  WM_SetUserClipRect.o [5]
  .text               ro code  0x080444a4     0x20  GUI_DRAW.o [5]
  .text               ro code  0x080444c4     0x1e  GUI_MoveRect.o [5]
  .text               ro code  0x080444e4     0x40  GUI_OnKey.o [5]
  .text               ro code  0x08044524     0x3e  GUI__SetText.o [5]
  .text               ro code  0x08044564     0x50  GUI_DRAW_BITMAP.o [5]
  .text               ro code  0x080445b4     0x30  BUTTON__SetBitmapObj.o [5]
  .text               ro code  0x080445e4     0x68  GUI__IntersectRects.o [5]
  .text               ro code  0x0804464c     0x64  GUI_MergeRect.o [5]
  .text               ro code  0x080446b0     0x1c  LCD_SetClipRectEx.o [5]
  .text               ro code  0x080446cc     0x40  GUI__IntersectRect.o [5]
  .text               ro code  0x0804470c     0x38  GUI_RectsIntersect.o [5]
  .text               ro code  0x08044744     0x3e  WM_BringToBottom.o [5]
  .text               ro code  0x08044784     0x3c  GUI_SetDefault.o [5]
  .text               ro code  0x080447c0     0x18  GUI_SaveContext.o [5]
  .text               ro code  0x080447d8     0x1e  WM_SendToParent.o [5]
  .text               ro code  0x080447f8     0x44  WM_CriticalHandle.o [5]
  .text               ro code  0x0804483c    0x100  GUI_DispString.o [5]
  .text               ro code  0x0804493c     0x1e  GUI_AddDecMin.o [5]
  .text               ro code  0x0804495a     0x14  GUI_GetStringDistX.o [5]
  .text               ro code  0x0804496e      0x4  GUI_GetFontSizeY.o [5]
  .text               ro code  0x08044972     0x18  WIDGET_SetEffect.o [5]
  .text               ro code  0x0804498a     0x12  printcounter.o [1]
  .text               ro code  0x0804499c     0x10  printcounter.o [1]
  .text               ro code  0x080449ac      0xe  printcounter.o [1]
  .text               ro code  0x080449ba      0xe  printcounter.o [1]
  .text               ro code  0x080449c8      0x4  printcounter.o [1]
  .text               ro code  0x080449cc      0xa  Marlin_main.o [1]
  .text               ro code  0x080449d6      0x4  strtoul.o [3]
  .text               ro code  0x080449dc      0xc  errno.o [3]
  .text               ro code  0x080449e8     0xec  xfquad.o [4]
  .text               ro code  0x08044ad4     0x3e  roundf.o [4]
  .text               ro code  0x08044b12      0x8  abs.o [3]
  .text               ro code  0x08044b1c     0x24  GUI_TOUCH_StoreState.o [5]
  .text               ro code  0x08044b40    0x170  mks_touch_screen.o [1]
  .text               ro code  0x08044cb0      0x6  abort.o [3]
  .text               ro code  0x08044cb8     0x2c  xgetmemchunk.o [3]
  .text               ro code  0x08044ce4    0x2f0  stm32f4xx_hal_rtc.o [1]
  .text               ro code  0x08044fd4    0x2f4  stm32f4xx_hal_uart.o [1]
  .text               ro code  0x080452c8    0x198  xstoul.o [3]
  .text               ro code  0x08045460     0x20  xmbtowc.o [3]
  .text               ro code  0x08045480     0x58  memchr.o [6]
  .text               ro code  0x080454d8      0xa  xmbcurmax.o [3]
  .text               ro code  0x080454e2     0x1a  xwctomb.o [3]
  .text               ro code  0x080454fc     0xee  I64DivMod.o [6]
  .text               ro code  0x080455ea     0x42  xdnorm.o [4]
  .text               ro code  0x0804562c    0x114  xdscale.o [4]
  .text               ro code  0x08045740     0x6c  localeconv.o [3]
  .text               ro code  0x080457ac      0xe  div.o [3]
  .text               ro code  0x080457ba    0x134  xstopfx.o [3]
  .text               ro code  0x080458f0    0x1b8  xstoflt.o [3]
  .text               ro code  0x08045aa8    0x200  xdtento.o [4]
  .text               ro code  0x08045ca8    0x218  xstoxflt.o [3]
  .text               ro code  0x08045ec0     0x3c  LCD_DrawVLine.o [5]
  .text               ro code  0x08045efc    0x1d0  usbh_conf.o [1]
  .text               ro code  0x080460cc     0x82  usbh_pipes.o [1]
  .text               ro code  0x08046150    0x4c2  usbh_ctlreq.o [1]
  .text               ro code  0x08046612      0x4  USARTClass.o [1]
  .text               ro code  0x08046616     0x28  isxxx.o [3]
  .text               ro code  0x0804663e     0x1c  LCDPM565.o [5]
  .text               ro code  0x0804665a     0x34  LCDPM565_Index2Color.o [5]
  .text               ro code  0x08046690    0x61a  LCDDummy.o [5]
  .text               ro code  0x08046cac     0x3c  LCDColor.o [5]
  .text               ro code  0x08046ce8      0x4  string_deal.o [1]
  .text               ro code  0x08046cec      0xc  memmove.o [6]
  .text               ro code  0x08046cf8    0x15c  GUICharLine.o [5]
  .text               ro code  0x08046e54     0x4c  GUI_UC.o [5]
  .text               ro code  0x08046ea0     0x18  GUI__HandleEOLine.o [5]
  .text               ro code  0x08046eb8     0x8c  GUIChar.o [5]
  .text               ro code  0x08046f44     0x54  GUI__memset.o [5]
  .text               ro code  0x08046f98     0xa2  WM_Move.o [5]
  .text               ro code  0x0804703a     0xd8  WM_ResizeWindow.o [5]
  .text               ro code  0x08047112     0x12  WM_GetParent.o [5]
  .text               ro code  0x08047124      0x4  WM_ForEachDesc.o [5]
  .text               ro code  0x08047128     0x34  WM_OnKey.o [5]
  .text               ro code  0x0804715c     0x56  GUI__strcmp.o [5]
  .text               ro code  0x080471b2     0x16  GUI__strlen.o [5]
  .text               ro code  0x080471c8     0xf8  GUI_DrawBitmap.o [5]
  .text               ro code  0x080472c0     0x2c  WM__GetPrevSibling.o [5]
  .text               ro code  0x080472ec     0x10  GUI_Pen.o [5]
  .text               ro code  0x080472fc     0x10  GUI_SetTextAlign.o [5]
  .text               ro code  0x0804730c      0x4  GUI_SetDrawMode.o [5]
  .text               ro code  0x08047310     0x10  GUI_SetLineStyle.o [5]
  .text               ro code  0x08047320     0xe0  GUI_AddDecShift.o [5]
  .text               ro code  0x08047400     0x14  GUI__GetFontSizeY.o [5]
  .text               ro code  0x08047414      0x2  xtls.o [3]
  .text               ro code  0x08047416     0x50  xfdint.o [4]
  .text               ro code  0x08047468    0x13c  fmodf.o [4]
  .text               ro code  0x080475a4     0x28  GUI_TOUCH.o [5]
  .text               ro code  0x080475cc     0x14  exit.o [7]
  .text               ro code  0x080475e0     0x14  tolower.o [3]
  .text               ro code  0x080475f4     0x24  setlocale.o [3]
  .text               ro code  0x08047618     0x60  xencoding_sb.o [3]
  .text               ro code  0x08047678      0x2  I64DivZer.o [6]
  .text               ro code  0x0804767c     0x20  DblCmpEq.o [4]
  .text               ro code  0x0804769c     0x56  xdunscal.o [4]
  .text               ro code  0x080476f4    0x88c  stm32f4xx_hal_hcd.o [1]
  .text               ro code  0x08047f80     0xb8  usbh_ioreq.o [1]
  .text               ro code  0x08048038     0x12  USARTClass.o [1]
  .text               ro code  0x0804804a     0x16  xlocale_c.o [3]
  .text               ro code  0x08048060     0x14  xlocale_c.o [3]
  .text               ro code  0x08048074     0x78  ABImemmove_unaligned.o [6]
  .text               ro code  0x080480ec     0x32  WM__ForEachDesc.o [5]
  .text               ro code  0x0804811e     0x22  WM__SendMessage.o [5]
  .text               ro code  0x08048140     0x18  WM__GetFirstSibling.o [5]
  .text               ro code  0x08048158     0x4c  GUI_PID.o [5]
  .text               ro code  0x080481a4      0xc  xlocale_c.o [3]
  .text               ro code  0x080481b0    0x6b8  stm32f4xx_ll_usb.o [1]
  .text               ro code  0x08048868      0x4  USARTClass.o [1]
  .text               ro code  0x0804886c      0x6  USARTClass.o [1]
  .rodata             const    0x08048874   0x24b8  multi_language.o [1]
  .rodata             const    0x0804ad2c   0x1290  mks_fontHz14.o [1]
  .text               ro code  0x0804bfbc    0xf68  stm32f4xx_hal_sd.o [1]
  .text               ro code  0x0804cf24     0xa8  stm32f4xx_ll_sdmmc.o [1]
  .rodata             const    0x0804cfcc    0x980  F13_1.o [5]
  .rodata             const    0x0804d94c    0x918  F13_ASCII.o [5]
  .rodata             const    0x0804e264    0x714  F6x8.o [5]
  .rodata             const    0x0804e978    0x62c  mks_hzk16.o [5]
  .text               ro code  0x0804efa4    0x5d8  usbh_msc.o [1]
  .text               ro code  0x0804f57c    0x320  usbh_msc_bot.o [1]
  .text               ro code  0x0804f89c    0x31a  usbh_msc_scsi.o [1]
  .text               ro code  0x0804fbb8    0x2d0  GUICurs.o [5]
  .text               ro code  0x0804fe88     0x96  GUI_GetBitmapPixelIndex.o [5]
  .text               ro code  0x0804ff20    0x242  GUICharP.o [5]
  .text               ro code  0x08050162     0x1c  GUI_GetColor.o [5]
  .text               ro code  0x08050180     0x10  LCD_GetColorIndex.o [5]
  .text               ro code  0x08050190    0x204  WMTouch.o [5]
  .text               ro code  0x08050394     0x24  WM__IsAncestor.o [5]
  .text               ro code  0x080503b8     0x1c  WM__SendMessageIfEnabled.o [5]
  .text               ro code  0x080503d4     0x98  WM_Screen2Win.o [5]
  .text               ro code  0x0805046c     0x26  WM_SetCapture.o [5]
  .text               ro code  0x08050494    0x1d4  LCD_DrawBitmap_M565.o [5]
  .text               ro code  0x08050668     0x1a  LCD_GetEx.o [5]
  .text               ro code  0x08050684     0x10  GUI_SetColorIndex.o [5]
  .text               ro code  0x08050694    0x196  GUICharM.o [5]
  .text               ro code  0x0805082c    0x168  WIDGET_Effect_3D.o [5]
  .text               ro code  0x08050994     0x4c  GUI_DrawHLine.o [5]
  .text               ro code  0x080509e0     0x4c  GUI_DrawVLine.o [5]
  .text               ro code  0x08050a2c    0x14c  stm32f4xx_it.o [1]
  .text               ro code  0x08050b78    0x11c  usbh_diskio.o [1]
  .text               ro code  0x08050c94     0xd4  sd_diskio.o [1]
  .text               ro code  0x08050d68     0xc8  bsp_driver_sd.o [1]
  .text               ro code  0x08050e30     0xd4  packbits_init.o [6]
  .rodata             const    0x08050f04     0xc8  Marlin_main.o [1]
  .text               ro code  0x08050fcc     0xb4  WIDGET_Effect_Simple.o [5]
  .text               ro code  0x08051080     0x8c  GUIEncJS.o [5]
  .rodata             const    0x0805110c     0x78  Marlin_main.o [1]
  .text               ro code  0x08051184     0x50  system_stm32f4xx.o [1]
  .rodata             const    0x080511d4     0x34  Marlin_main.o [1]
  .rodata             const    0x08051208     0x30  LCD_API.o [5]
  .rodata             const    0x08051238     0x2c  Marlin_main.o [1]
  .rodata             const    0x08051264     0x28  Marlin_main.o [1]
  .text               ro code  0x0805128c     0x28  data_init.o [6]
  .rodata             const    0x080512b4     0x24  Marlin_main.o [1]
  .rodata             const    0x080512d8     0x24  Marlin_main.o [1]
  .rodata             const    0x080512fc     0x24  USARTClass.o [1]
  .text               ro code  0x08051320     0x24  WIDGET_Effect_None.o [5]
  .iar.init_table     const    0x08051344     0x30  - Linker created -
  .rodata             const    0x08051374     0x20  Marlin_main.o [1]
  .rodata             const    0x08051394     0x20  Marlin_main.o [1]
  .rodata             const    0x080513b4     0x20  Marlin_main.o [1]
  .rodata             const    0x080513d4     0x20  Marlin_main.o [1]
  .rodata             const    0x080513f4     0x20  Marlin_main.o [1]
  .text               ro code  0x08051414     0x20  cmain_call_ctors.o [6]
  .text               ro code  0x08051434     0x18  cppinit.o [3]
  .text               ro code  0x0805144c     0x1a  fpinit_M.o [4]
  .text               ro code  0x08051468     0x1a  cmain.o [6]
  .text               ro code  0x08051482      0x4  low_level_init.o [3]
  .text               ro code  0x08051486      0x4  exit.o [3]
  .text               ro code  0x0805148c      0xa  cexit.o [6]
  .rodata             const    0x08051498     0x18  Marlin_main.o [1]
  .rodata             const    0x080514b0     0x18  Marlin_main.o [1]
  .rodata             const    0x080514c8     0x18  mks_cfg.o [1]
  .rodata             const    0x080514e0     0x14  Marlin_main.o [1]
  .rodata             const    0x080514f4     0x14  Marlin_main.o [1]
  .rodata             const    0x08051508     0x14  Marlin_main.o [1]
  .rodata             const    0x0805151c     0x14  Marlin_main.o [1]
  .rodata             const    0x08051530     0x14  Marlin_main.o [1]
  .rodata             const    0x08051544     0x14  Marlin_main.o [1]
  .rodata             const    0x08051558     0x14  Marlin_main.o [1]
  .rodata             const    0x0805156c     0x14  printcounter.o [1]
  .rodata             const    0x08051580     0x14  sd_diskio.o [1]
  .rodata             const    0x08051594     0x14  usbh_diskio.o [1]
  .rodata             const    0x080515a8     0x10  Marlin_main.o [1]
  .rodata             const    0x080515b8     0x10  Marlin_main.o [1]
  .rodata             const    0x080515c8     0x10  Marlin_main.o [1]
  .rodata             const    0x080515d8     0x10  Marlin_main.o [1]
  .rodata             const    0x080515e8     0x10  Marlin_main.o [1]
  .rodata             const    0x080515f8     0x10  Marlin_main.o [1]
  .rodata             const    0x08051608     0x10  Marlin_main.o [1]
  .rodata             const    0x08051618     0x10  Marlin_main.o [1]
  .rodata             const    0x08051628     0x10  Marlin_main.o [1]
  .rodata             const    0x08051638     0x10  Marlin_main.o [1]
  .rodata             const    0x08051648     0x10  Marlin_main.o [1]
  .rodata             const    0x08051658     0x10  Marlin_main.o [1]
  .rodata             const    0x08051668     0x10  Marlin_main.o [1]
  .rodata             const    0x08051678     0x10  Marlin_main.o [1]
  .rodata             const    0x08051688     0x10  Marlin_main.o [1]
  .rodata             const    0x08051698     0x10  Marlin_main.o [1]
  .rodata             const    0x080516a8     0x10  Marlin_main.o [1]
  .rodata             const    0x080516b8     0x10  Marlin_main.o [1]
  .rodata             const    0x080516c8     0x10  Marlin_main.o [1]
  .rodata             const    0x080516d8     0x10  Marlin_main.o [1]
  .rodata             const    0x080516e8     0x10  Marlin_main.o [1]
  .rodata             const    0x080516f8     0x10  Marlin_main.o [1]
  .rodata             const    0x08051708     0x10  Marlin_main.o [1]
  .rodata             const    0x08051718     0x10  Marlin_main.o [1]
  .rodata             const    0x08051728     0x10  Marlin_main.o [1]
  .rodata             const    0x08051738     0x10  printcounter.o [1]
  .rodata             const    0x08051748     0x10  serial.o [1]
  .text               ro code  0x08051758     0x10  startup_stm32f407xx.o [1]
  SHT$$PREINIT_ARRAY           0x08051768      0x0  <Block>
  SHT$$INIT_ARRAY              0x08051768     0x10  <Block>
    .init_array       const    0x08051768      0x4  endstops.o [1]
    .init_array       const    0x0805176c      0x4  Marlin_main.o [1]
    .init_array       const    0x08051770      0x4  planner.o [1]
    .init_array       const    0x08051774      0x4  serial.o [1]
  .rodata             const    0x08051778      0xc  Marlin_main.o [1]
  .rodata             const    0x08051784      0xc  Marlin_main.o [1]
  .rodata             const    0x08051790      0xc  Marlin_main.o [1]
  .rodata             const    0x0805179c      0xc  Marlin_main.o [1]
  .rodata             const    0x080517a8      0xc  Marlin_main.o [1]
  .rodata             const    0x080517b4      0xc  Marlin_main.o [1]
  .rodata             const    0x080517c0      0xc  Marlin_main.o [1]
  .rodata             const    0x080517cc      0xc  Marlin_main.o [1]
  .rodata             const    0x080517d8      0xc  Marlin_main.o [1]
  .rodata             const    0x080517e4      0xc  printcounter.o [1]
  .rodata             const    0x080517f0      0xc  GUIEncJS.o [5]
  .text               ro code  0x080517fc      0xc  cstartup_M.o [6]
  .rodata             const    0x08051808      0x8  Marlin_main.o [1]
  .rodata             const    0x08051810      0x8  Marlin_main.o [1]
  .rodata             const    0x08051818      0x8  Marlin_main.o [1]
  .rodata             const    0x08051820      0x8  Marlin_main.o [1]
  .rodata             const    0x08051828      0x8  Marlin_main.o [1]
  .rodata             const    0x08051830      0x8  Marlin_main.o [1]
  .rodata             const    0x08051838      0x8  Marlin_main.o [1]
  .rodata             const    0x08051840      0x8  Marlin_main.o [1]
  .rodata             const    0x08051848      0x8  Marlin_main.o [1]
  .rodata             const    0x08051850      0x8  Marlin_main.o [1]
  .rodata             const    0x08051858      0x8  Marlin_main.o [1]
  .rodata             const    0x08051860      0x8  Marlin_main.o [1]
  .rodata             const    0x08051868      0x8  Marlin_main.o [1]
  .rodata             const    0x08051870      0x8  printcounter.o [1]
  .rodata             const    0x08051878      0x8  LCD_DrawBitmap_M565.o [5]
  .rodata             const    0x08051880      0x4  Marlin_main.o [1]
  .rodata             const    0x08051884      0x4  Marlin_main.o [1]
  .rodata             const    0x08051888      0x4  Marlin_main.o [1]
  .rodata             const    0x0805188c      0x4  Marlin_main.o [1]
  .rodata             const    0x08051890      0x4  Marlin_main.o [1]
  .rodata             const    0x08051894      0x4  Marlin_main.o [1]
  .rodata             const    0x08051898      0x4  Marlin_main.o [1]
  .rodata             const    0x0805189c      0x4  Marlin_main.o [1]
  .rodata             const    0x080518a0      0x4  Marlin_main.o [1]
  .rodata             const    0x080518a4      0x4  Marlin_main.o [1]
  .rodata             const    0x080518a8      0x4  printcounter.o [1]
  .rodata             const    0x080518ac      0x4  usbh_msc.o [1]
  .text               ro code  0x080518b0      0x4  startup_stm32f407xx.o [1]
  .text               ro code  0x080518b4      0x4  startup_stm32f407xx.o [1]
  .text               ro code  0x080518b8      0x4  startup_stm32f407xx.o [1]
  .text               ro code  0x080518bc      0x4  startup_stm32f407xx.o [1]
  .text               ro code  0x080518c0      0x4  startup_stm32f407xx.o [1]
  .text               ro code  0x080518c4      0x4  startup_stm32f407xx.o [1]
  .text               ro code  0x080518c8      0x4  startup_stm32f407xx.o [1]
  .text               ro code  0x080518cc      0x4  startup_stm32f407xx.o [1]
  .text               ro code  0x080518d0      0x4  startup_stm32f407xx.o [1]
  .text               ro code  0x080518d4      0x4  startup_stm32f407xx.o [1]
  .text               ro code  0x080518d8      0x4  startup_stm32f407xx.o [1]
  .text               ro code  0x080518dc      0x4  startup_stm32f407xx.o [1]
  .text               ro code  0x080518e0      0x4  startup_stm32f407xx.o [1]
  .text               ro code  0x080518e4      0x4  startup_stm32f407xx.o [1]
  .text               ro code  0x080518e8      0x4  startup_stm32f407xx.o [1]
  .text               ro code  0x080518ec      0x4  startup_stm32f407xx.o [1]
  .text               ro code  0x080518f0      0x4  startup_stm32f407xx.o [1]
  .text               ro code  0x080518f4      0x4  startup_stm32f407xx.o [1]
  .text               ro code  0x080518f8      0x4  startup_stm32f407xx.o [1]
  .text               ro code  0x080518fc      0x4  startup_stm32f407xx.o [1]
  .text               ro code  0x08051900      0x4  startup_stm32f407xx.o [1]
  .text               ro code  0x08051904      0x4  startup_stm32f407xx.o [1]
  .text               ro code  0x08051908      0x4  startup_stm32f407xx.o [1]
  .text               ro code  0x0805190c      0x4  startup_stm32f407xx.o [1]
  .text               ro code  0x08051910      0x4  startup_stm32f407xx.o [1]
  .text               ro code  0x08051914      0x4  startup_stm32f407xx.o [1]
  .text               ro code  0x08051918      0x4  startup_stm32f407xx.o [1]
  .text               ro code  0x0805191c      0x4  startup_stm32f407xx.o [1]
  .text               ro code  0x08051920      0x4  startup_stm32f407xx.o [1]
  .text               ro code  0x08051924      0x4  startup_stm32f407xx.o [1]
  .text               ro code  0x08051928      0x4  startup_stm32f407xx.o [1]
  .text               ro code  0x0805192c      0x4  startup_stm32f407xx.o [1]
  .text               ro code  0x08051930      0x4  startup_stm32f407xx.o [1]
  .text               ro code  0x08051934      0x4  startup_stm32f407xx.o [1]
  .text               ro code  0x08051938      0x4  startup_stm32f407xx.o [1]
  .text               ro code  0x0805193c      0x4  startup_stm32f407xx.o [1]
  .text               ro code  0x08051940      0x4  startup_stm32f407xx.o [1]
  .text               ro code  0x08051944      0x4  startup_stm32f407xx.o [1]
  .text               ro code  0x08051948      0x4  startup_stm32f407xx.o [1]
  .text               ro code  0x0805194c      0x4  startup_stm32f407xx.o [1]
  .text               ro code  0x08051950      0x4  startup_stm32f407xx.o [1]
  .text               ro code  0x08051954      0x4  startup_stm32f407xx.o [1]
  .text               ro code  0x08051958      0x4  startup_stm32f407xx.o [1]
  .text               ro code  0x0805195c      0x4  startup_stm32f407xx.o [1]
  .text               ro code  0x08051960      0x4  startup_stm32f407xx.o [1]
  .text               ro code  0x08051964      0x4  startup_stm32f407xx.o [1]
  .text               ro code  0x08051968      0x4  startup_stm32f407xx.o [1]
  .text               ro code  0x0805196c      0x4  startup_stm32f407xx.o [1]
  .text               ro code  0x08051970      0x4  startup_stm32f407xx.o [1]
  .text               ro code  0x08051974      0x4  startup_stm32f407xx.o [1]
  .text               ro code  0x08051978      0x4  startup_stm32f407xx.o [1]
  .text               ro code  0x0805197c      0x4  startup_stm32f407xx.o [1]
  .text               ro code  0x08051980      0x4  startup_stm32f407xx.o [1]
  .text               ro code  0x08051984      0x4  startup_stm32f407xx.o [1]
  .text               ro code  0x08051988      0x4  startup_stm32f407xx.o [1]
  .text               ro code  0x0805198c      0x4  startup_stm32f407xx.o [1]
  .text               ro code  0x08051990      0x4  startup_stm32f407xx.o [1]
  .text               ro code  0x08051994      0x4  startup_stm32f407xx.o [1]
  .text               ro code  0x08051998      0x4  startup_stm32f407xx.o [1]
  .text               ro code  0x0805199c      0x4  startup_stm32f407xx.o [1]
  .rodata             const    0x080519a0      0x0  zero_init3.o [6]
  .rodata             const    0x080519a0      0x0  packbits_init.o [6]
  Initializer bytes   ro data  0x080519a0    0x1f2  <for P2 s0>
                             - 0x08051b92  0x41a0a

"P2", part 1 of 3:                          0x113c
  P2 s0                        0x20000000   0x113a  <Init block>
    .data             inited   0x20000000    0x4f0  mks_cfg.o [1]
    .data             inited   0x200004f0    0x390  draw_print_file.o [1]
    .data             inited   0x20000880    0x23c  draw_ui.o [1]
    .data             inited   0x20000abc    0x20c  Marlin_main.o [1]
    __DLIB_PERTHREAD  inited   0x20000cc8     0x88  localeconv.o [3]
    .data             inited   0x20000d50     0x80  planner.o [1]
    __DLIB_PERTHREAD  inited   0x20000dd0     0x74  setlocale.o [3]
    .data             inited   0x20000e44     0x5c  temperature.o [1]
    .data             inited   0x20000ea0     0x50  stepper.o [1]
    .data             inited   0x20000ef0     0x48  draw_keyboard.o [1]
    .data             inited   0x20000f38     0x34  draw_language.o [1]
    .data             inited   0x20000f6c     0x34  Marlin_main.o [1]
    .data             inited   0x20000fa0     0x28  mks_variant.o [1]
    .data             inited   0x20000fc8     0x28  GUI_TOUCH_DriverAnalog.o [5]
    .data             inited   0x20000ff0     0x20  usbh_msc.o [1]
    .data             inited   0x20001010     0x20  BUTTON.o [5]
    .data             inited   0x20001030     0x14  mks_variant.o [1]
    .data             inited   0x20001044     0x14  pic.o [1]
    .data             inited   0x20001058     0x14  pic.o [1]
    .data             inited   0x2000106c     0x14  pic.o [1]
    .data             inited   0x20001080     0x14  pic.o [1]
    .data             inited   0x20001094     0x14  pic.o [1]
    .data             inited   0x200010a8     0x14  pic.o [1]
    .data             inited   0x200010bc     0x14  pic.o [1]
    .data             inited   0x200010d0     0x10  draw_ui.o [1]
    .data             inited   0x200010e0     0x10  Marlin_main.o [1]
    .data             inited   0x200010f0     0x10  Marlin_main.o [1]
    .data             inited   0x20001100      0xc  Marlin_main.o [1]
    .data             inited   0x2000110c      0xc  planner.o [1]
    .data             inited   0x20001118      0x8  TEXT.o [5]
    .data             inited   0x20001120      0x8  GUI_TOUCH_DriverAnalog.o [5]
    .data             inited   0x20001128      0x4  system_stm32f4xx.o [1]
    .data             inited   0x2000112c      0x4  WIDGET.o [5]
    .data             inited   0x20001130      0x4  LCD_API.o [5]
    __DLIB_PERTHREAD  inited   0x20001134      0x4  errno.o [3]
    .data             inited   0x20001138      0x1  sd_diskio.o [1]
    .data             inited   0x20001139      0x1  stepper.o [1]
                             - 0x2000113a   0x113a

"P2", part 2 of 3:                         0x10594
  .bss                zero     0x2000113c   0x822c  pic.o [1]
  .bss                zero     0x20009368   0x2000  pic.o [1]
  .bss                zero     0x2000b368   0x1c8c  GUIAlloc.o [5]
  .bss                zero     0x2000cff4   0x1398  Marlin_main.o [1]
  .bss                zero     0x2000e38c    0x540  planner.o [1]
  .bss                zero     0x2000e8cc    0x490  multi_language.o [1]
  .bss                zero     0x2000ed5c    0x3c8  usb_host.o [1]
  .bss                zero     0x2000f124    0x320  id_manage.o [1]
  .bss                zero     0x2000f444    0x298  usbh_conf.o [1]
  .bss                zero     0x2000f6dc    0x240  mks_cfg.o [1]
  .bss                zero     0x2000f91c    0x200  LCDColor.o [5]
  .bss                zero     0x2000fb1c    0x1d8  dlmalloc.o [3]
  .bss                zero     0x2000fcf4    0x1b4  mks_cfg.o [1]
  .bss                zero     0x2000fea8    0x180  spi.o [1]
  .bss                zero     0x20010028    0x130  serial.o [1]
  .bss                zero     0x20010158    0x120  usart.o [1]
  .bss                zero     0x20010278    0x100  cardreader.o [1]
  .bss                zero     0x20010378    0x100  cardreader.o [1]
  .bss                zero     0x20010478     0xc0  sdio.o [1]
  .bss                zero     0x20010538     0xa8  draw_language.o [1]
  .bss                zero     0x200105e0     0xa8  draw_language.o [1]
  .bss                zero     0x20010688     0x90  draw_detection.o [1]
  .bss                zero     0x20010718     0x90  draw_print_file.o [1]
  .bss                zero     0x200107a8     0x68  draw_ui.o [1]
  .bss                zero     0x20010810     0x64  draw_printing.o [1]
  .bss                zero     0x20010874     0x60  draw_operate.o [1]
  .bss                zero     0x200108d4     0x60  Marlin_main.o [1]
  .bss                zero     0x20010934     0x60  sdio.o [1]
  .bss                zero     0x20010994     0x60  usart.o [1]
  .bss                zero     0x200109f4     0x5c  draw_operate.o [1]
  .bss                zero     0x20010a50     0x54  i2c.o [1]
  .bss                zero     0x20010aa8     0x58  sdio.o [1]
  .bss                zero     0x20010b00     0x58  spi.o [1]
  .bss                zero     0x20010b58     0x58  spi.o [1]
  .bss                zero     0x20010bb0     0x48  GUICore.o [5]
  .bss                zero     0x20010bf8     0x41  usart.o [1]
  .bss                zero     0x20010c39      0x3  endstops.o [1]
  .bss                zero     0x20010c3c     0x40  usart.o [1]
  .bss                zero     0x20010c7c     0x3c  draw_info.o [1]
  .bss                zero     0x20010cb8     0x3c  planner.o [1]
  .bss                zero     0x20010cf4     0x3c  tim.o [1]
  .bss                zero     0x20010d30     0x3c  tim.o [1]
  .bss                zero     0x20010d6c     0x3c  tim.o [1]
  .bss                zero     0x20010da8     0x3c  tim.o [1]
  .bss                zero     0x20010de4     0x3c  WM.o [5]
  .bss                zero     0x20010e20     0x38  draw_dialog.o [1]
  .bss                zero     0x20010e58     0x34  draw_detection.o [1]
  .bss                zero     0x20010e8c     0x34  draw_ExposureTest.o [1]
  .bss                zero     0x20010ec0     0x34  draw_move_motor.o [1]
  .bss                zero     0x20010ef4     0x34  draw_preview.o [1]
  .bss                zero     0x20010f28     0x34  draw_printing.o [1]
  .bss                zero     0x20010f5c     0x34  draw_printing.o [1]
  .bss                zero     0x20010f90     0x34  draw_ready_print.o [1]
  .bss                zero     0x20010fc4     0x34  draw_set.o [1]
  .bss                zero     0x20010ff8     0x34  draw_tool.o [1]
  .bss                zero     0x2001102c     0x34  mks_cfg.o [1]
  .bss                zero     0x20011060     0x30  draw_detection.o [1]
  .bss                zero     0x20011090     0x30  draw_keyboard.o [1]
  .bss                zero     0x200110c0     0x30  draw_keyboard.o [1]
  .bss                zero     0x200110f0     0x30  draw_keyboard.o [1]
  .bss                zero     0x20011120     0x30  draw_keyboard.o [1]
  .bss                zero     0x20011150     0x30  draw_keyboard.o [1]
  .bss                zero     0x20011180     0x30  draw_keyboard.o [1]
  .bss                zero     0x200111b0     0x30  draw_keyboard.o [1]
  .bss                zero     0x200111e0     0x30  draw_language.o [1]
  .bss                zero     0x20011210     0x30  draw_language.o [1]
  .bss                zero     0x20011240     0x30  draw_language.o [1]
  .bss                zero     0x20011270     0x30  draw_move_motor.o [1]
  .bss                zero     0x200112a0     0x30  draw_move_motor.o [1]
  .bss                zero     0x200112d0     0x30  draw_move_motor.o [1]
  .bss                zero     0x20011300     0x30  draw_operate.o [1]
  .bss                zero     0x20011330     0x30  draw_set.o [1]
  .bss                zero     0x20011360     0x30  draw_tool.o [1]
  .bss                zero     0x20011390     0x30  gcode.o [1]
  .bss                zero     0x200113c0     0x30  GUICurs.o [5]
  .bss                zero     0x200113f0     0x2c  draw_ui.o [1]
  .bss                zero     0x2001141c     0x24  draw_service.o [1]
  .bss                zero     0x20011440     0x20  draw_about.o [1]
  .bss                zero     0x20011460     0x20  rtc.o [1]
  .bss                zero     0x20011480     0x20  GUICharP.o [5]
  .bss                zero     0x200114a0     0x1c  mks_cfg.o [1]
  .bss                zero     0x200114bc     0x18  draw_preview.o [1]
  .bss                zero     0x200114d4     0x18  draw_ready_print.o [1]
  .bss                zero     0x200114ec     0x18  draw_tool.o [1]
  .bss                zero     0x20011504     0x18  ff.o [1]
  .bss                zero     0x2001151c     0x18  GUIAlloc.o [5]
  .bss                zero     0x20011534     0x18  dlmalloc.o [3]
  .bss                zero     0x2001154c     0x14  draw_ui.o [1]
  .bss                zero     0x20011560     0x10  ff_gen_drv.o [1]
  .bss                zero     0x20011570     0x10  Marlin_main.o [1]
  .bss                zero     0x20011580      0xc  fatfs.o [1]
  .bss                zero     0x2001158c      0xc  ff.o [1]
  .bss                zero     0x20011598      0xc  main.o [1]
  .bss                zero     0x200115a4      0xc  Marlin_main.o [1]
  .bss                zero     0x200115b0      0xc  Marlin_main.o [1]
  .bss                zero     0x200115bc      0xc  Marlin_main.o [1]
  .bss                zero     0x200115c8      0xc  WM.o [5]
  .bss                zero     0x200115d4      0xc  GUI_OnKey.o [5]
  .bss                zero     0x200115e0      0xc  GUI_X_Touch.o [5]
  .bss                zero     0x200115ec      0xc  GUI_PID.o [5]
  .bss                zero     0x200115f8      0xc  GUI_TOUCH_StoreState.o [5]
  .bss                zero     0x20011604      0xc  GUI_TOUCH.o [5]
  .bss                zero     0x20011610      0x8  mks_touch_screen.o [1]
  .bss                zero     0x20011618      0x8  planner.o [1]
  .bss                zero     0x20011620      0x8  ssd2828.o [1]
  .bss                zero     0x20011628      0x8  temperature.o [1]
  .bss                zero     0x20011630      0x8  temperature.o [1]
  .bss                zero     0x20011638      0x8  WMTouch.o [5]
  .bss                zero     0x20011640      0x8  WMTouch.o [5]
  .bss                zero     0x20011648      0x8  GUI_TOUCH_StoreUnstable.o [5]
  .bss                zero     0x20011650      0x4  cardreader.o [1]
  .bss                zero     0x20011654      0x4  draw_ui.o [1]
  .bss                zero     0x20011658      0x4  endstops.o [1]
  .bss                zero     0x2001165c      0x4  gcode.o [1]
  .bss                zero     0x20011660      0x4  gcode.o [1]
  .bss                zero     0x20011664      0x4  main.o [1]
  .bss                zero     0x20011668      0x4  main.o [1]
  .bss                zero     0x2001166c      0x4  Marlin_main.o [1]
  .bss                zero     0x20011670      0x4  Marlin_main.o [1]
  .bss                zero     0x20011674      0x4  Marlin_main.o [1]
  .bss                zero     0x20011678      0x4  mks_cfg.o [1]
  .bss                zero     0x2001167c      0x4  pic_manager.o [1]
  .bss                zero     0x20011680      0x4  planner.o [1]
  .bss                zero     0x20011684      0x4  stm32f4xx_hal.o [1]
  .bss                zero     0x20011688      0x4  temperature.o [1]
  .bss                zero     0x2001168c      0x4  tim.o [1]
  .bss                zero     0x20011690      0x4  GUICore.o [5]
  .bss                zero     0x20011694      0x4  GUICore.o [5]
  .bss                zero     0x20011698      0x4  GUICore.o [5]
  .bss                zero     0x2001169c      0x4  GUICore.o [5]
  .bss                zero     0x200116a0      0x4  GUICore.o [5]
  .bss                zero     0x200116a4      0x4  GUICore.o [5]
  .bss                zero     0x200116a8      0x4  WM.o [5]
  .bss                zero     0x200116ac      0x4  GUI_OnKey.o [5]
  .bss                zero     0x200116b0      0x4  xgetmemchunk.o [3]
  .bss                zero     0x200116b4      0x2  endstops.o [1]
  .bss                zero     0x200116b6      0x2  ili9488.o [1]
  .bss                zero     0x200116b8      0x2  Marlin_main.o [1]
  .bss                zero     0x200116ba      0x1  configuration_store.o [1]
  .bss                zero     0x200116bb      0x1  draw_dialog.o [1]
  .bss                zero     0x200116bc      0x1  draw_ui.o [1]
  .bss                zero     0x200116bd      0x1  draw_ui.o [1]
  .bss                zero     0x200116be      0x1  draw_ui.o [1]
  .bss                zero     0x200116bf      0x1  draw_ui.o [1]
  .bss                zero     0x200116c0      0x1  gcode.o [1]
  .bss                zero     0x200116c1      0x1  Marlin_main.o [1]
  .bss                zero     0x200116c2      0x1  Marlin_main.o [1]
  .bss                zero     0x200116c3      0x1  Marlin_main.o [1]
  .bss                zero     0x200116c4      0x1  spi_flash.o [1]
  .bss                zero     0x200116c5      0x1  temperature.o [1]
  .bss                zero     0x200116c6      0x1  usb_host.o [1]
  .bss                zero     0x200116c7      0x1  GUICore.o [5]
  .bss                zero     0x200116c8      0x1  WM.o [5]
                             - 0x200116c9  0x1058d

"P2", part 3 of 3:                          0x3000
  CSTACK                       0x200116d0   0x2000  <Block>
    CSTACK            uninit   0x200116d0   0x2000  <Block tail>
  HEAP                         0x200136d0   0x1000  <Block>
    HEAP              uninit   0x200136d0   0x1000  <Block tail>
                             - 0x200146d0   0x3000


*******************************************************************************
*** INIT TABLE
***

          Address     Size
          -------     ----
Zero (__iar_zero_init3)
    1 destination range, total size 0x1058d:
          0x2000113c  0x1058d

Copy/packbits (__iar_packbits_init3)
    1 source range, total size 0x1f2 (11% of destination):
          0x080519a0    0x1f2
    1 destination range, total size 0x113a:
          0x20000000   0x113a

Extra (__iar_cstart_call_ctors)



*******************************************************************************
*** MODULE SUMMARY
***

    Module                      ro code  ro data  rw data
    ------                      -------  -------  -------
E:\DLP_Proj\DLP_source\branches\DLP_opensource\EWARM\mksDLP\Obj: [1]
    Font24_MS.o                           65 300
    Marlin_main.o                28 388    1 604    5 801
    Print.o                         620
    RingBuffer.o                     56
    USARTClass.o                    384       36
    WString.o                        12
    at24cxx.o                       358
    bsp_driver_sd.o                 200
    cardreader.o                  2 184               516
    configuration_store.o         5 092                 1
    diskio.o                        124
    dma.o                           200
    draw_ExposureTest.o             596                52
    draw_about.o                    620                32
    draw_detection.o              1 388               244
    draw_dialog.o                 1 752                57
    draw_info.o                   1 068                60
    draw_keyboard.o               3 772        8      408
    draw_language.o               4 440        6      532
    draw_move_motor.o             1 948               196
    draw_operate.o                1 696               236
    draw_preview.o                  856                76
    draw_print_file.o             2 220      103    1 056
    draw_printing.o               2 756               204
    draw_ready_print.o              788                76
    draw_service.o                  692                36
    draw_set.o                      980               100
    draw_tool.o                   1 224               124
    draw_ui.o                     1 456       66      764
    endstops.o                      646        4        9
    fatfs.o                          44                12
    ff.o                          8 894                36
    ff_gen_drv.o                    132                16
    gcode.o                         604                57
    gpio.o                          704
    i2c.o                           172                84
    id_manage.o                      36               800
    ili9488.o                     2 016                 2
    main.o                        1 088                20
    misc.o                           20
    mks_cfg.o                     3 764      166    2 360
    mks_fontHz14.o                         4 752
    mks_touch_screen.o              368                 8
    mks_variant.o                              8       60
    multi_language.o             11 200    9 400    1 168
    mycc936.o                     1 132
    pic.o                           172       16   41 656
    pic_manager.o                   220                 4
    planner.o                     5 088       21    1 556
    printcounter.o                  304       60
    rtc.o                           148                32
    sd_diskio.o                     212       20        1
    sdio.o                          348               376
    serial.o                        272       20      304
    spi.o                           778               560
    spi_flash.o                     264                 1
    ssd2828.o                     1 340                 8
    startup_stm32f407xx.o           648
    stepper.o                     1 808       10       81
    stm32f4xx_fsmc.o                232
    stm32f4xx_gpio.o                 38
    stm32f4xx_hal.o                 136                 4
    stm32f4xx_hal_cortex.o          270
    stm32f4xx_hal_dma.o           1 180
    stm32f4xx_hal_gpio.o            806
    stm32f4xx_hal_hcd.o           2 188
    stm32f4xx_hal_i2c.o           2 466
    stm32f4xx_hal_msp.o              96
    stm32f4xx_hal_rcc.o           1 144
    stm32f4xx_hal_rcc_ex.o          296
    stm32f4xx_hal_rtc.o             752
    stm32f4xx_hal_sd.o            3 944
    stm32f4xx_hal_spi.o           1 618
    stm32f4xx_hal_tim.o           1 840
    stm32f4xx_hal_tim_ex.o           88
    stm32f4xx_hal_uart.o            756
    stm32f4xx_it.o                  332
    stm32f4xx_ll_sdmmc.o            168
    stm32f4xx_ll_usb.o            1 720
    stm32f4xx_spi.o                  48
    stm32f4xx_usart.o               208
    stopwatch.o                     218
    string_deal.o                   192
    system_stm32f4xx.o               80        1        4
    temperature.o                 3 046       10      113
    tim.o                           576               244
    usart.o                         480               513
    usb_host.o                      116               969
    usbh_conf.o                     464               664
    usbh_core.o                   1 282
    usbh_ctlreq.o                 1 218
    usbh_diskio.o                   284       20
    usbh_ioreq.o                    184
    usbh_msc.o                    1 496        8       32
    usbh_msc_bot.o                  800
    usbh_msc_scsi.o                 794
    usbh_pipes.o                    130
    utility.o                        94
    -----------------------------------------------------
    Total:                      140 072   81 639   62 325

command line: [2]
    -----------------------------------------------------
    Total:

dl7M_tlf.a: [3]
    abort.o                           6
    abs.o                             8
    atoi.o                            8
    cppinit.o                        24
    div.o                            14
    dlmalloc.o                    5 312               496
[...]
home_bump_mm(AxisEnum)  0x08020155     0xe  Code  Lc  Marlin_main.o [1]
home_bump_mm_P          0x20001100     0xc  Data  Gb  Marlin_main.o [1]
home_dir(AxisEnum)      0x08020163     0x8  Code  Lc  Marlin_main.o [1]
home_dir_P              0x20000f6c     0x4  Data  Gb  Marlin_main.o [1]
home_menu               0x2000ecb4    0x1c  Data  Gb  multi_language.o [1]
home_offset             0x20000b0c     0xc  Data  Gb  Marlin_main.o [1]
homeaxis(AxisEnum)      0x080205c9   0x108  Code  Lc  Marlin_main.o [1]
homing_feedrate_mm_s    0x20000afc    0x10  Data  Gb  Marlin_main.o [1]
hrtc                    0x20011460    0x20  Data  Gb  rtc.o [1]
hsd                     0x20010934    0x60  Data  Gb  sdio.o [1]
hspi1                   0x20010b00    0x58  Data  Gb  spi.o [1]
hspi2                   0x20010b58    0x58  Data  Gb  spi.o [1]
htim2                   0x20010cf4    0x3c  Data  Gb  tim.o [1]
htim3                   0x20010d30    0x3c  Data  Gb  tim.o [1]
htim4                   0x20010d6c    0x3c  Data  Gb  tim.o [1]
htim5                   0x20010da8    0x3c  Data  Gb  tim.o [1]
huart1                  0x20010bf8    0x40  Data  Gb  usart.o [1]
huart6                  0x20010c3c    0x40  Data  Gb  usart.o [1]
idle()                  0x08021421    0x30  Code  Gb  Marlin_main.o [1]
ili9320_BGR2RGB         0x08039821    0x10  Code  Gb  ili9488.o [1]
ili9320_Clear           0x080397a5    0x3e  Code  Gb  ili9488.o [1]
ili9320_GetPoint        0x080397e3    0x10  Code  Gb  ili9488.o [1]
ili9320_SetCursor       0x080396dd    0x5a  Code  Gb  ili9488.o [1]
ili9320_SetPoint        0x080397f3    0x2e  Code  Gb  ili9488.o [1]
ili9320_SetWindows      0x08039737    0x6e  Code  Gb  ili9488.o [1]
inc_lock                0x080306e7    0x96  Code  Lc  ff.o [1]
init_cb_stack()         0x080272e9    0x16  Code  Gb  draw_ui.o [1]
init_mparams            0x0803b9c3    0x32  Code  Lc  dlmalloc.o [3]
init_top                0x0803b9f5    0x34  Code  Lc  dlmalloc.o [3]
injected_commands_P     0x2001166c     0x4  Data  Lc  Marlin_main.o [1]
invalid_extruder_error(unsigned char)
                        0x08026df1    0x48  Code  Gb  Marlin_main.o [1]
invalid_extruder_error(unsigned char)::string
                        0x08051544    0x14  Data  Gb  Marlin_main.o [1]
isalpha                 0x08046617    0x14  Code  Gb  isxxx.o [3]
isspace                 0x0804662b    0x14  Code  Gb  isxxx.o [3]
key_set_value           0x20000f34     0x4  Data  Gb  draw_keyboard.o [1]
key_value               0x20000ef4     0xc  Data  Gb  draw_keyboard.o [1]
kill(char const *)      0x08021459    0x34  Code  Gb  Marlin_main.o [1]
labs                    0x0803b855     0x8  Code  Gb  labs.o [3]
language_menu           0x2000e9f4    0x40  Data  Gb  multi_language.o [1]
last_disp_state         0x200116bc     0x1  Data  Gb  draw_ui.o [1]
layer_display_area      0x20010810     0x2  Data  Lc  draw_printing.o [1]
layer_pic_clean         0x08027583    0x7e  Code  Gb  draw_ui.o [1]
layer_pic_display       0x08027601    0x9c  Code  Gb  draw_ui.o [1]
layer_text              0x20010f3a     0x2  Data  Lc  draw_printing.o [1]
lcd_hasstatus()         0x080339e9     0x4  Code  Gb  Marlin_main.o [1]
lcd_init()              0x0802cf31     0x2  Code  Gb  Marlin_main.o [1]
lcd_refresh()           0x08033a15     0x2  Code  Gb  Marlin_main.o [1]
lcd_reset_alert_level()
                        0x0803b3a1     0x2  Code  Gb  Marlin_main.o [1]
lcd_setalertstatusPGM(char const *)
                        0x0803b39f     0x2  Code  Gb  Marlin_main.o [1]
lcd_setstatus(char const *, bool)
                        0x0802e4cf     0x2  Code  Gb  Marlin_main.o [1]
lcd_setstatusPGM(char const *, signed char)
                        0x08032dc9     0x2  Code  Gb  Marlin_main.o [1]
lcd_update()            0x0803b621     0x2  Code  Gb  temperature.o [1]
ld_clust                0x08030ec7    0x20  Code  Lc  ff.o [1]
leveling_menu           0x2000ecd0    0x1c  Data  Gb  multi_language.o [1]
localeconv              0x0804577b    0x16  Code  Gb  localeconv.o [3]
logo_addroffset         0x2001167c     0x4  Data  Gb  pic_manager.o [1]
logo_n                  0x200010d0    0x10  Data  Gb  draw_ui.o [1]
logo_tick1              0x20011664     0x4  Data  Gb  main.o [1]
logo_tick2              0x20011668     0x4  Data  Gb  main.o [1]
loop                    0x08021625    0xae  Code  Gb  Marlin_main.o [1]
lroundf                 0x0803b85d    0x4e  Code  Gb  lroundf.o [4]
main                    0x0802d17d   0x230  Code  Gb  main.o [1]
main_menu               0x2000eaa4    0x30  Data  Gb  multi_language.o [1]
manage_inactivity(bool)
                        0x08021349    0x8a  Code  Gb  Marlin_main.o [1]
marlin_debug_flags      0x20000ac9     0x1  Data  Gb  Marlin_main.o [1]
max_inactive_time       0x200115b4     0x4  Data  Lc  Marlin_main.o [1]
max_length(AxisEnum)    0x08020147     0xe  Code  Lc  Marlin_main.o [1]
max_length_P            0x20000f94     0xc  Data  Gb  Marlin_main.o [1]
mem_cmp                 0x08030621    0x1e  Code  Lc  ff.o [1]
mem_cpy                 0x080305fd    0x14  Code  Lc  ff.o [1]
mem_set                 0x08030611    0x10  Code  Lc  ff.o [1]
memchr                  0x08045481          Code  Gb  memchr.o [6]
memcpy                  0x080296b1     0xc  Code  Gb  memcpy.o [3]
memmove                 0x08046ced     0xc  Code  Gb  memmove.o [6]
memset                  0x0802e4bb    0x14  Code  Gb  memset.o [3]
mipi_te_cnt             0x20011624     0x4  Data  Gb  ssd2828.o [1]
mksBeeperAlarm()        0x0802d3ad    0x86  Code  Gb  main.o [1]
mksBpAlrmEn             0x20011599     0x1  Data  Gb  main.o [1]
mksCfg                  0x200114a0    0x1c  Data  Gb  mks_cfg.o [1]
mksGetParameter(char *)
                        0x0802d5bd    0x40  Code  Gb  mks_cfg.o [1]
mksReprint              0x2000dca4    0xd8  Data  Gb  Marlin_main.o [1]
mksTmp                  0x20000000    0x18  Data  Gb  mks_cfg.o [1]
mksUsart1Rx             0x20010c38     0x1  Data  Gb  usart.o [1]
mks_G28(char *)         0x08021dfd    0x30  Code  Gb  Marlin_main.o [1]
mks_PrintStatePolling   0x08021c21   0x154  Code  Gb  Marlin_main.o [1]
mks_clearDir            0x08021e3d    0x2a  Code  Gb  Marlin_main.o [1]
mks_contiuePrint_UI     0x08021e75    0xb4  Code  Gb  Marlin_main.o [1]
mks_heating_busy        0x20000ac8     0x1  Data  Gb  Marlin_main.o [1]
mks_initPrint           0x08021b31    0x40  Code  Gb  Marlin_main.o [1]
mks_pausePrint          0x08021bb1    0x5a  Code  Gb  Marlin_main.o [1]
mks_rePrintCheck        0x08021f39    0xb6  Code  Gb  Marlin_main.o [1]
mks_resumePrint         0x08021b71    0x36  Code  Gb  Marlin_main.o [1]
mks_saveFileName        0x08021fef    0x30  Code  Gb  Marlin_main.o [1]
mks_setPositionZ        0x08021d7d    0x60  Code  Gb  Marlin_main.o [1]
mksdlp                  0x2000d9b8   0x2ec  Data  Gb  Marlin_main.o [1]
mkstft_ui_init          0x08021a29   0x100  Code  Gb  Marlin_main.o [1]
mkstft_ui_load          0x08021799   0x12e  Code  Gb  Marlin_main.o [1]
mkstft_ui_set_epr()     0x080218cd   0x154  Code  Gb  Marlin_main.o [1]
more_menu               0x2000ed50     0xc  Data  Gb  multi_language.o [1]
move_menu               0x2000eb8c    0x34  Data  Gb  multi_language.o [1]
move_window             0x0803083f    0x3a  Code  Lc  ff.o [1]
mparams                 0x20011534    0x18  Data  Lc  dlmalloc.o [3]
ndigs                   0x08045438    0x28  Data  Lc  xstoul.o [3]
ok_to_send()            0x08020e0b    0x28  Code  Gb  Marlin_main.o [1]
once_flag               0x20010f58     0x4  Data  Gb  draw_printing.o [1]
operation_menu          0x2000e9b0    0x44  Data  Gb  multi_language.o [1]
page_nub                0x20000f38     0x1  Data  Lc  draw_language.o [1]
para_value              0x20010a40    0x10  Data  Gb  draw_operate.o [1]
parser                  0x20011660     0x4  Data  Gb  gcode.o [1]
pause_menu              0x2000ec98    0x1c  Data  Gb  multi_language.o [1]
pause_resum             0x20010f5c     0x1  Data  Gb  draw_printing.o [1]
pick_lfn                0x08030f73    0x5c  Code  Lc  ff.o [1]
pin_is_protected(signed char)
                        0x08020765    0x1e  Code  Lc  Marlin_main.o [1]
plan_arc(float const (&)[4], float const (&)[2], bool)
                        0x08021005   0x310  Code  Gb  Marlin_main.o [1]
planner                 0x2001161c     0x4  Data  Gb  planner.o [1]
point_flg               0x20000ef1     0x1  Data  Lc  draw_keyboard.o [1]
position_shift          0x20000b3c     0xc  Data  Gb  Marlin_main.o [1]
pows                    0x08045c60    0x48  Data  Lc  xdtento.o [4]
preheat_menu            0x2000ea6c    0x38  Data  Gb  multi_language.o [1]
prepare_move_to_destination()
                        0x08020f59    0x78  Code  Gb  Marlin_main.o [1]
prepare_move_to_destination_cartesian()
                        0x080296bd    0x44  Code  Gb  Marlin_main.o [1]
prepend_alloc           0x0803ba29   0x33c  Code  Lc  dlmalloc.o [3]
preview_gcode_prehandle
                        0x080277e7    0x78  Code  Gb  draw_ui.o [1]
preview_no_display      0x200116c2     0x1  Data  Gb  Marlin_main.o [1]
previous_cmd_ms         0x200115b0     0x4  Data  Gb  Marlin_main.o [1]
printStopDlgText        0x20010e24     0x2  Data  Lc  draw_dialog.o [1]
printTimeLeft           0x20010f54     0x2  Data  Lc  draw_printing.o [1]
print_file_dialog_menu  0x2000eb60    0x2c  Data  Gb  multi_language.o [1]
print_job_timer         0x2000dd7c    0x10  Data  Gb  Marlin_main.o [1]
print_time              0x20010f28     0x8  Data  Gb  draw_printing.o [1]
print_time_run          0x0802810b    0x44  Code  Gb  draw_printing.o [1]
printingBar             0x20010f34     0x2  Data  Lc  draw_printing.o [1]
printing_menu           0x2000ec18    0x24  Data  Gb  multi_language.o [1]
printing_more_menu      0x2000ecec    0x1c  Data  Gb  multi_language.o [1]
printing_rate_update_flag
                        0x20011570     0x1  Data  Gb  Marlin_main.o [1]
process_next_command()  0x08020da1    0x3e  Code  Gb  Marlin_main.o [1]
process_parsed_command()
                        0x0802093d   0x464  Code  Gb  Marlin_main.o [1]
put_fat                 0x08030a49   0x102  Code  Gb  ff.o [1]
quickstop_stepper()     0x080208b5    0x16  Code  Gb  Marlin_main.o [1]
reTransmission_all_cnt  0x200010f8     0x4  Data  Gb  Marlin_main.o [1]
reTransmission_data_cnt
                        0x200010f4     0x4  Data  Gb  Marlin_main.o [1]
reTransmission_zero_cnt
                        0x200010f0     0x4  Data  Gb  Marlin_main.o [1]
refresh_cmd_timeout()   0x080269a9    0x10  Code  Gb  Marlin_main.o [1]
relative_mode           0x20000acf     0x1  Data  Lc  Marlin_main.o [1]
remain_time             0x20010f38     0x2  Data  Lc  draw_printing.o [1]
remove_chain            0x08030b4b    0x72  Code  Lc  ff.o [1]
report_current_position()
                        0x080207fd    0x74  Code  Gb  Marlin_main.o [1]
report_mksdlp_position()
                        0x080207ad    0x46  Code  Gb  Marlin_main.o [1]
reset_file_info         0x08027a29    0x1a  Code  Gb  draw_printing.o [1]
reset_print_time        0x0802801b     0xe  Code  Gb  draw_printing.o [1]
retSD                   0x20011580     0x1  Data  Gb  fatfs.o [1]
retUSBH                 0x20011581     0x1  Data  Gb  fatfs.o [1]
roundf                  0x08044ad5    0x3e  Code  Gb  roundf.o [4]
row                     0x2000088c     0x4  Data  Gb  draw_ui.o [1]
rx_buffer1              0x20010090    0x68  Data  Gb  serial.o [1]
rx_buffer6              0x20010028    0x68  Data  Gb  serial.o [1]
safe_delay(unsigned long)
                        0x0803b24f    0x24  Code  Gb  utility.o [1]
saved_feedrate_mm_s     0x20000b38     0x4  Data  Lc  Marlin_main.o [1]
saved_feedrate_percentage
                        0x20000ada     0x2  Data  Gb  Marlin_main.o [1]
scale                   0x08041479    0x46  Code  Lc  xprintffull.o [3]
search_files            0x08033e75   0x1a0  Code  Gb  draw_print_file.o [1]
segment_holding         0x0803b9a9    0x1a  Code  Lc  dlmalloc.o [3]
send_ok                 0x20000ad4     0x4  Data  Lc  Marlin_main.o [1]
serial_count            0x200010ec     0x4  Data  Lc  Marlin_main.o [1]
serial_echopair_P(char const *, char const *)
                        0x08025d23    0x14  Code  Gb  serial.o [1]
serial_echopair_P(char const *, double)
                        0x08025da7    0x2a  Code  Gb  serial.o [1]
serial_echopair_P(char const *, float)
                        0x08025d79    0x2e  Code  Gb  serial.o [1]
serial_echopair_P(char const *, int)
                        0x08025d37    0x16  Code  Gb  serial.o [1]
serial_echopair_P(char const *, long)
                        0x08025d63    0x16  Code  Gb  serial.o [1]
serial_echopair_P(char const *, unsigned int)
                        0x08025d4d    0x16  Code  Gb  serial.o [1]
serial_echopair_P(char const *, unsigned long)
                        0x08025dd1    0x16  Code  Gb  serial.o [1]
serial_wait_tick        0x20000ad2     0x1  Data  Gb  Marlin_main.o [1]
serialprintPGM(char const *)
                        0x08025ccd    0x1c  Code  Gb  temperature.o [1]
servo_init()            0x08020245     0x2  Code  Gb  Marlin_main.o [1]
setProBarRate           0x0802814f    0xae  Code  Gb  draw_printing.o [1]
setTouchBound           0x0802baf9    0x10  Code  Gb  GUI_TOUCH_DriverAnalog.o [5]
set_axis_is_at_home(AxisEnum)
                        0x08020359    0x30  Code  Lc  Marlin_main.o [1]
set_current_from_destination()
                        0x08029701    0x14  Code  Gb  Marlin_main.o [1]
set_current_from_steppers_for_axis(AxisEnum)
                        0x08020f29    0x2c  Code  Gb  Marlin_main.o [1]
set_destination_from_current()
                        0x080339ed    0x14  Code  Gb  Marlin_main.o [1]
set_home_offset(AxisEnum, float)
                        0x0802034b     0xe  Code  Lc  Marlin_main.o [1]
set_menu                0x2000ead4    0x34  Data  Gb  multi_language.o [1]
setup                   0x080214b9    0xca  Code  Gb  Marlin_main.o [1]
setup_for_endstop_or_probe_move()
                        0x080204f1    0x14  Code  Lc  Marlin_main.o [1]
setup_killpin()         0x08020241     0x2  Code  Gb  Marlin_main.o [1]
sinf                    0x08029a5b     0x6  Code  Gb  sinf.o [4]
soft_endstop_max        0x20000b24     0xc  Data  Gb  Marlin_main.o [1]
soft_endstop_min        0x20000b18     0xc  Data  Gb  Marlin_main.o [1]
soft_endstop_min_init()
                        0x080200f9    0x24  Code  Gb  Marlin_main.o [1]
soft_endstops_enabled   0x20000acd     0x1  Data  Gb  Marlin_main.o [1]
speed_menu              0x2000eb08    0x2c  Data  Gb  multi_language.o [1]
spi1_hdmatx_CR          0x200010fc     0x4  Data  Gb  Marlin_main.o [1]
sprintf                 0x0802e4d1    0x34  Code  Gb  sprintf.o [3]
sqrt                    0x080338d9          Code  Gb  sqrt.o [4]
sqrtf                   0x08029715          Code  Gb  sqrtf.o [4]
sqrtl                   0x080338d9          Code  Gb  sqrt.o [4]
srcfp                   0x20011654     0x4  Data  Gb  draw_ui.o [1]
st_clust                0x08030ee7    0x14  Code  Lc  ff.o [1]
start_print_time        0x08028029     0x8  Code  Gb  draw_printing.o [1]
stepper_inactive_time   0x200115b8     0x4  Data  Lc  Marlin_main.o [1]
stop_print_time         0x08028031     0x8  Code  Gb  draw_printing.o [1]
strcat                  0x0802e505    0x1c  Code  Gb  strcat.o [3]
strchr                  0x080435d9          Code  Gb  strchr.o [6]
strchr(char *, int)     0x080328ff     0x4  Code  Gb  WString.o [1]
strlen                  0x080328c9          Code  Gb  strlen.o [6]
strncmp                 0x0803b97f    0x2a  Code  Gb  strncmp.o [3]
strrchr                 0x08046ce9     0x4  Code  Gb  string_deal.o [1]
strrchr(char *, int)    0x08032db5     0x4  Code  Gb  WString.o [1]
strrchr(char const *, int)
                        0x08043a19     0x4  Code  Gb  draw_print_file.o [1]
strstr(char *, char const *)
                        0x0802cf33     0x4  Code  Gb  WString.o [1]
strstr(char const *, char const *)
                        0x080328c3     0x4  Code  Gb  cardreader.o [1]
strting2float(unsigned char *, unsigned char)
                        0x08022023    0x40  Code  Gb  Marlin_main.o [1]
strtol                  0x08032daf     0x6  Code  Gb  strtol.o [3]
strtoul                 0x080449d7     0x4  Code  Gb  strtoul.o [3]
suicide()               0x08020243     0x2  Code  Gb  Marlin_main.o [1]
sum_sfn                 0x080310cf    0x1c  Code  Lc  ff.o [1]
sync_fs                 0x08030879    0xda  Code  Lc  ff.o [1]
sync_plan_position()    0x0802016b    0x18  Code  Gb  Marlin_main.o [1]
sync_plan_position_e()  0x08033a19     0xc  Code  Gb  Marlin_main.o [1]
sync_window             0x080307d9    0x66  Code  Lc  ff.o [1]
sys_alloc               0x0803bd65   0x384  Code  Lc  dlmalloc.o [3]
target_extruder         0x20000ad1     0x1  Data  Gb  Marlin_main.o [1]
temper_error_flg        0x200116c1     0x1  Data  Gb  Marlin_main.o [1]
temperature_change_frequency
                        0x20000881     0x1  Data  Gb  draw_ui.o [1]
temperature_change_frequency_cnt
                        0x20011574     0x4  Data  Lc  Marlin_main.o [1]
textKeyNumb             0x20000f02     0x2  Data  Lc  draw_keyboard.o [1]
text_edit               0x200109f4     0x1  Data  Gb  draw_operate.o [1]
textt                   0x20011650     0x4  Data  Gb  cardreader.o [1]
thermalManager          0x20011688     0x4  Data  Gb  temperature.o [1]
tmalloc_large           0x0803c0f5   0x38a  Code  Lc  dlmalloc.o [3]
tmalloc_small           0x0803c47f   0x204  Code  Lc  dlmalloc.o [3]
tolower                 0x080475e1    0x14  Code  Gb  tolower.o [3]
tool_change(unsigned char, float, bool)
                        0x080208cb    0x34  Code  Gb  Marlin_main.o [1]
tool_menu               0x2000ea34    0x38  Data  Gb  multi_language.o [1]
touch_time              0x20011614     0x4  Data  Lc  mks_touch_screen.o [1]
ugbksize                0x20011678     0x4  Data  Gb  mks_cfg.o [1]
update_software_endstops(AxisEnum)
                        0x08020311    0x3a  Code  Gb  Marlin_main.o [1]
used_time               0x20010f36     0x2  Data  Lc  draw_printing.o [1]
uwTick                  0x20011684     0x4  Data  Gb  stm32f4xx_hal.o [1]
validate                0x08031c21    0x36  Code  Lc  ff.o [1]
value_test              0x20000880     0x1  Data  Gb  draw_ui.o [1]
vbist_test_cnt          0x20011620     0x4  Data  Gb  ssd2828.o [1]
version                 0x0802c730     0x4  Data  Lc  configuration_store.o [1]
wait_for_heatup         0x20000ad0     0x1  Data  Gb  Marlin_main.o [1]
wifi_menu               0x2000ebc0    0x2c  Data  Gb  multi_language.o [1]
workspace_offset        0x200115a4     0xc  Data  Gb  Marlin_main.o [1]
xMax                    0x20000fe4     0x4  Data  Lc  GUI_TOUCH_DriverAnalog.o [5]
xMin                    0x20000fe0     0x4  Data  Lc  GUI_TOUCH_DriverAnalog.o [5]
xPhys                   0x20000fd8     0x4  Data  Lc  GUI_TOUCH_DriverAnalog.o [5]
x_touch                 0x20011610     0x2  Data  Lc  mks_touch_screen.o [1]
xyMinMax                0x20000fc8    0x10  Data  Lc  GUI_TOUCH_DriverAnalog.o [5]
yMax                    0x20000fec     0x4  Data  Lc  GUI_TOUCH_DriverAnalog.o [5]
yMin                    0x20000fe8     0x4  Data  Lc  GUI_TOUCH_DriverAnalog.o [5]
yPhys                   0x20000fdc     0x4  Data  Lc  GUI_TOUCH_DriverAnalog.o [5]
y_touch                 0x20011612     0x2  Data  Lc  mks_touch_screen.o [1]
z_high_count            0x20011572     0x2  Data  Gb  Marlin_main.o [1]
zoffset_menu            0x2000ed08    0x1c  Data  Gb  multi_language.o [1]


[1] = E:\DLP_Proj\DLP_source\branches\DLP_opensource\EWARM\mksDLP\Obj
[2] = command line
[3] = dl7M_tlf.a
[4] = m7M_tlv.a
[5] = mksDLP.a
[6] = rt7M_tl.a
[7] = shb_l.a

  179 254 bytes of readonly  code memory
   89 948 bytes of readonly  data memory
   83 655 bytes of readwrite data memory

Errors: none
Warnings: none
