###############################################################################
#
# IAR ANSI C/C++ Compiler V7.10.1.6676/W32 for ARM        18/Jul/2019  10:59:36
# Copyright 1999-2014 IAR Systems AB.
#
#    Cpu mode     =  thumb
#    Endian       =  little
#    Source file  =  
#        E:\DLP_Proj\DLP_source\branches\DLP_opensource\Middlewares\gui\GUI\WM\WM_Show.c
#    Command line =  
#        E:\DLP_Proj\DLP_source\branches\DLP_opensource\Middlewares\gui\GUI\WM\WM_Show.c
#        -D USE_HAL_DRIVER -D STM32F407xx -D STM32F40_41xxx -D USE_HAL_LIB -D
#        MKS_DLP_BOARD -D TFT35 -lC
#        E:\DLP_Proj\DLP_source\branches\DLP_opensource\EWARM\mksDLP/List\ -lA
#        E:\DLP_Proj\DLP_source\branches\DLP_opensource\EWARM\mksDLP/List\
#        --diag_suppress Pa050 -o
#        E:\DLP_Proj\DLP_source\branches\DLP_opensource\EWARM\mksDLP/Obj\
#        --no_unroll --no_inline --no_tbaa --no_scheduling --debug
#        --endian=little --cpu=Cortex-M4F -e --char_is_signed --fpu=VFPv4_sp
#        --dlib_config "C:\Program Files (x86)\IAR Systems\Embedded Workbench
#        7.0\arm\INC\c\DLib_Config_Full.h" -I
#        E:\DLP_Proj\DLP_source\branches\DLP_opensource\EWARM/../Inc\ -I
#        E:\DLP_Proj\DLP_source\branches\DLP_opensource\EWARM/../Src\ -I
#        E:\DLP_Proj\DLP_source\branches\DLP_opensource\EWARM/../Drivers/STM32F4xx_HAL_Driver/Inc\
#        -I
#        E:\DLP_Proj\DLP_source\branches\DLP_opensource\EWARM/../Drivers/STM32F4xx_HAL_Driver/Inc/Legacy\
#        -I
#        E:\DLP_Proj\DLP_source\branches\DLP_opensource\EWARM/../Middlewares/Third_Party/FatFs/src/drivers\
#        -I
#        E:\DLP_Proj\DLP_source\branches\DLP_opensource\EWARM/../Middlewares/ST/STM32_USB_Host_Library/Core/Inc\
#        -I
#        E:\DLP_Proj\DLP_source\branches\DLP_opensource\EWARM/../Middlewares/ST/STM32_USB_Host_Library/Class/MSC/Inc\
#        -I
#        E:\DLP_Proj\DLP_source\branches\DLP_opensource\EWARM/../Drivers/CMSIS/Device/ST/STM32F4xx/Include\
#        -I
#        E:\DLP_Proj\DLP_source\branches\DLP_opensource\EWARM/../Middlewares/Third_Party/FatFs/src\
#        -I
#        E:\DLP_Proj\DLP_source\branches\DLP_opensource\EWARM/../Middlewares/Third_Party/Marlin\
#        -I
#        E:\DLP_Proj\DLP_source\branches\DLP_opensource\EWARM/../Drivers/CMSIS/Include\
#        -I
#        E:\DLP_Proj\DLP_source\branches\DLP_opensource\EWARM/../Drivers/BSP/variant\
#        -I
#        E:\DLP_Proj\DLP_source\branches\DLP_opensource\EWARM/../Drivers/BSP/Components/at24cxx\
#        -I
#        E:\DLP_Proj\DLP_source\branches\DLP_opensource\EWARM/../Drivers/BSP/Components/w25qxx\
#        -I
#        E:\DLP_Proj\DLP_source\branches\DLP_opensource\EWARM/../Drivers/BSP/Components/ssd2828\
#        -I
#        E:\DLP_Proj\DLP_source\branches\DLP_opensource\EWARM/../Drivers/BSP/Components/lcd\
#        -I
#        E:\DLP_Proj\DLP_source\branches\DLP_opensource\EWARM/../Drivers/libstmf4\
#        -I
#        E:\DLP_Proj\DLP_source\branches\DLP_opensource\EWARM/../Drivers/libstmf4/include\
#        -I
#        E:\DLP_Proj\DLP_source\branches\DLP_opensource\EWARM/../Middlewares/arduino/stm32/cores/arduino\
#        -I
#        E:\DLP_Proj\DLP_source\branches\DLP_opensource\EWARM/../Middlewares/gui\
#        -I
#        E:\DLP_Proj\DLP_source\branches\DLP_opensource\EWARM/../Middlewares/gui/GUI/ConvertColor\
#        -I
#        E:\DLP_Proj\DLP_source\branches\DLP_opensource\EWARM/../Middlewares/gui/GUI/ConvertMono\
#        -I
#        E:\DLP_Proj\DLP_source\branches\DLP_opensource\EWARM/../Middlewares/gui/GUI/Core\
#        -I
#        E:\DLP_Proj\DLP_source\branches\DLP_opensource\EWARM/../Middlewares/gui/GUI/Font\
#        -I
#        E:\DLP_Proj\DLP_source\branches\DLP_opensource\EWARM/../Middlewares/gui/AntiAlias\
#        -I
#        E:\DLP_Proj\DLP_source\branches\DLP_opensource\EWARM/../Middlewares/gui/GUI/GUIDemo\
#        -I
#        E:\DLP_Proj\DLP_source\branches\DLP_opensource\EWARM/../Middlewares/gui/GUI/LCDDriver\
#        -I
#        E:\DLP_Proj\DLP_source\branches\DLP_opensource\EWARM/../Middlewares/gui/GUI/MemDev\
#        -I
#        E:\DLP_Proj\DLP_source\branches\DLP_opensource\EWARM/../Middlewares/gui/GUI/MultiLayer\
#        -I
#        E:\DLP_Proj\DLP_source\branches\DLP_opensource\EWARM/../Middlewares/gui/GUI/Widget\
#        -I
#        E:\DLP_Proj\DLP_source\branches\DLP_opensource\EWARM/../Middlewares/gui/GUI/WM\
#        -I
#        E:\DLP_Proj\DLP_source\branches\DLP_opensource\EWARM/../Middlewares/gui/GUI_X\
#        -I
#        E:\DLP_Proj\DLP_source\branches\DLP_opensource\EWARM/../Middlewares/gui/Config\
#        -I E:\DLP_Proj\DLP_source\branches\DLP_opensource\EWARM/../User/ui\ -I
#        E:\DLP_Proj\DLP_source\branches\DLP_opensource\EWARM/../User/ui/Multi_language\
#        -I
#        E:\DLP_Proj\DLP_source\branches\DLP_opensource\EWARM/../User/ui/QRENCODE\
#        -Om --use_c++_inline -I "C:\Program Files (x86)\IAR Systems\Embedded
#        Workbench 7.0\arm\CMSIS\Include\"
#    List file    =  
#        E:\DLP_Proj\DLP_source\branches\DLP_opensource\EWARM\mksDLP/List\WM_Show.lst
#    Object file  =  
#        E:\DLP_Proj\DLP_source\branches\DLP_opensource\EWARM\mksDLP/Obj\WM_Show.o
#
###############################################################################

E:\DLP_Proj\DLP_source\branches\DLP_opensource\Middlewares\gui\GUI\WM\WM_Show.c
      1          /*
      2          *********************************************************************************************************
      3          *                                                uC/GUI
      4          *                        Universal graphic software for embedded applications
      5          *
      6          *                       (c) Copyright 2002, Micrium Inc., Weston, FL
      7          *                       (c) Copyright 2002, SEGGER Microcontroller Systeme GmbH
      8          *
      9          *              µC/GUI is protected by international copyright laws. Knowledge of the
     10          *              source code may not be used to write a similar product. This file may
     11          *              only be used in accordance with a license and should not be redistributed
     12          *              in any way. We appreciate your understanding and fairness.
     13          *
     14          ----------------------------------------------------------------------
     15          File        : WM_Show.c
     16          Purpose     : Windows manager, add. module
     17          ----------------------------------------------------------------------
     18          */
     19          
     20          #include "WM_Intern.h"
     21          
     22          #if GUI_WINSUPPORT    /* If 0, WM will not generate any code */
     23          #include "GUIDebug.h"
     24          #define WM_DEBUG_LEVEL 1
     25          
     26          /*********************************************************************
     27          *
     28          *       Public code
     29          *
     30          **********************************************************************
     31          */
     32          /*********************************************************************
     33          *
     34          *       WM_InvalidateWindowDescs
     35          
     36            Invalidate window and all descendents (children and grandchildren and ...
     37          */

   \                                 In section .text, align 2, keep-with-next
     38          void WM_InvalidateWindowDescs(WM_HWIN hWin) {
   \                     WM_InvalidateWindowDescs: (+1)
   \   00000000   0xB538             PUSH     {R3-R5,LR}
   \   00000002   0x0004             MOVS     R4,R0
     39            WM_HWIN hChild;
     40            if (hWin) {
   \   00000004   0xD011             BEQ.N    ??WM_InvalidateWindowDescs_0
     41              WM_InvalidateWindow(hWin);    /* Invalidate window itself */
   \   00000006   0x.... 0x....      BL       WM_InvalidateWindow
     42              for (hChild = WM_GetFirstChild(hWin); hChild;) {
   \   0000000A   0x4620             MOV      R0,R4
   \   0000000C   0x.... 0x....      BL       WM_GetFirstChild
   \   00000010   0x4604             MOV      R4,R0
   \   00000012   0xE008             B.N      ??WM_InvalidateWindowDescs_1
     43                WM_Obj* pChild = WM_H2P(hChild);
   \                     ??WM_InvalidateWindowDescs_2: (+1)
   \   00000014   0x4620             MOV      R0,R4
   \   00000016   0x.... 0x....      BL       GUI_ALLOC_h2p
   \   0000001A   0x4605             MOV      R5,R0
     44                WM_InvalidateWindowDescs(hChild);
   \   0000001C   0x4620             MOV      R0,R4
   \   0000001E   0xF7FF 0xFFEF      BL       WM_InvalidateWindowDescs
     45                hChild = pChild->hNext;
   \   00000022   0xF9B5 0x401A      LDRSH    R4,[R5, #+26]
     46              }
   \                     ??WM_InvalidateWindowDescs_1: (+1)
   \   00000026   0x2C00             CMP      R4,#+0
   \   00000028   0xD1F4             BNE.N    ??WM_InvalidateWindowDescs_2
     47            }
     48          }
   \                     ??WM_InvalidateWindowDescs_0: (+1)
   \   0000002A   0xBD31             POP      {R0,R4,R5,PC}    ;; return
     49          
     50          /*********************************************************************
     51          *
     52          *       WM_ShowWindow
     53          */

   \                                 In section .text, align 2, keep-with-next
     54          void WM_ShowWindow(WM_HWIN hWin) {
   \                     WM_ShowWindow: (+1)
   \   00000000   0xB510             PUSH     {R4,LR}
   \   00000002   0x0004             MOVS     R4,R0
     55            if (hWin) {
   \   00000004   0xD00B             BEQ.N    ??WM_ShowWindow_0
     56              WM_Obj *pWin;
     57              WM_LOCK();
     58              pWin = WM_H2P(hWin);  
   \   00000006   0x.... 0x....      BL       GUI_ALLOC_h2p
     59              if ((pWin->Status & WM_SF_ISVIS) == 0) {  /* First check if this is necessary at all */
   \   0000000A   0x8B81             LDRH     R1,[R0, #+28]
   \   0000000C   0x078A             LSLS     R2,R1,#+30
   \   0000000E   0xD406             BMI.N    ??WM_ShowWindow_0
     60                pWin->Status |= WM_SF_ISVIS;  /* Set Visibility flag */
   \   00000010   0xF041 0x0102      ORR      R1,R1,#0x2
   \   00000014   0x8381             STRH     R1,[R0, #+28]
     61                WM_InvalidateWindowDescs(hWin);    /* Mark content as invalid */
   \   00000016   0x4620             MOV      R0,R4
   \   00000018   0xE8BD 0x4010      POP      {R4,LR}
   \   0000001C   0x....             B.N      WM_InvalidateWindowDescs
     62                #if WM_SUPPORT_NOTIFY_VIS_CHANGED
     63                  WM__NotifyVisChanged(hWin, &pWin->Rect);
     64                #endif
     65              }
     66              WM_UNLOCK();
     67            }
     68          }
   \                     ??WM_ShowWindow_0: (+1)
   \   0000001E   0xBD10             POP      {R4,PC}          ;; return
     69          
     70          #else
     71            void WM_Show_c(void) {} /* avoid empty object files */
     72          #endif   /* GUI_WINSUPPORT */
     73          
     74          /*************************** End of file ****************************/

   Maximum stack usage in bytes:

   .cstack Function
   ------- --------
      16   WM_InvalidateWindowDescs
        16   -> GUI_ALLOC_h2p
        16   -> WM_GetFirstChild
        16   -> WM_InvalidateWindow
        16   -> WM_InvalidateWindowDescs
       8   WM_ShowWindow
         8   -> GUI_ALLOC_h2p
         0   -> WM_InvalidateWindowDescs


   Section sizes:

   Bytes  Function/Label
   -----  --------------
      44  WM_InvalidateWindowDescs
      32  WM_ShowWindow

 
 76 bytes in section .text
 
 76 bytes of CODE memory

Errors: none
Warnings: none
