###############################################################################
#
# IAR ANSI C/C++ Compiler V7.10.1.6676/W32 for ARM        18/Jul/2019  10:59:35
# Copyright 1999-2014 IAR Systems AB.
#
#    Cpu mode     =  thumb
#    Endian       =  little
#    Source file  =  
#        E:\DLP_Proj\DLP_source\branches\DLP_opensource\Middlewares\gui\GUI\WM\WM_SetDesktopColor.c
#    Command line =  
#        E:\DLP_Proj\DLP_source\branches\DLP_opensource\Middlewares\gui\GUI\WM\WM_SetDesktopColor.c
#        -D USE_HAL_DRIVER -D STM32F407xx -D STM32F40_41xxx -D USE_HAL_LIB -D
#        MKS_DLP_BOARD -D TFT35 -lC
#        E:\DLP_Proj\DLP_source\branches\DLP_opensource\EWARM\mksDLP/List\ -lA
#        E:\DLP_Proj\DLP_source\branches\DLP_opensource\EWARM\mksDLP/List\
#        --diag_suppress Pa050 -o
#        E:\DLP_Proj\DLP_source\branches\DLP_opensource\EWARM\mksDLP/Obj\
#        --no_unroll --no_inline --no_tbaa --no_scheduling --debug
#        --endian=little --cpu=Cortex-M4F -e --char_is_signed --fpu=VFPv4_sp
#        --dlib_config "C:\Program Files (x86)\IAR Systems\Embedded Workbench
#        7.0\arm\INC\c\DLib_Config_Full.h" -I
#        E:\DLP_Proj\DLP_source\branches\DLP_opensource\EWARM/../Inc\ -I
#        E:\DLP_Proj\DLP_source\branches\DLP_opensource\EWARM/../Src\ -I
#        E:\DLP_Proj\DLP_source\branches\DLP_opensource\EWARM/../Drivers/STM32F4xx_HAL_Driver/Inc\
#        -I
#        E:\DLP_Proj\DLP_source\branches\DLP_opensource\EWARM/../Drivers/STM32F4xx_HAL_Driver/Inc/Legacy\
#        -I
#        E:\DLP_Proj\DLP_source\branches\DLP_opensource\EWARM/../Middlewares/Third_Party/FatFs/src/drivers\
#        -I
#        E:\DLP_Proj\DLP_source\branches\DLP_opensource\EWARM/../Middlewares/ST/STM32_USB_Host_Library/Core/Inc\
#        -I
#        E:\DLP_Proj\DLP_source\branches\DLP_opensource\EWARM/../Middlewares/ST/STM32_USB_Host_Library/Class/MSC/Inc\
#        -I
#        E:\DLP_Proj\DLP_source\branches\DLP_opensource\EWARM/../Drivers/CMSIS/Device/ST/STM32F4xx/Include\
#        -I
#        E:\DLP_Proj\DLP_source\branches\DLP_opensource\EWARM/../Middlewares/Third_Party/FatFs/src\
#        -I
#        E:\DLP_Proj\DLP_source\branches\DLP_opensource\EWARM/../Middlewares/Third_Party/Marlin\
#        -I
#        E:\DLP_Proj\DLP_source\branches\DLP_opensource\EWARM/../Drivers/CMSIS/Include\
#        -I
#        E:\DLP_Proj\DLP_source\branches\DLP_opensource\EWARM/../Drivers/BSP/variant\
#        -I
#        E:\DLP_Proj\DLP_source\branches\DLP_opensource\EWARM/../Drivers/BSP/Components/at24cxx\
#        -I
#        E:\DLP_Proj\DLP_source\branches\DLP_opensource\EWARM/../Drivers/BSP/Components/w25qxx\
#        -I
#        E:\DLP_Proj\DLP_source\branches\DLP_opensource\EWARM/../Drivers/BSP/Components/ssd2828\
#        -I
#        E:\DLP_Proj\DLP_source\branches\DLP_opensource\EWARM/../Drivers/BSP/Components/lcd\
#        -I
#        E:\DLP_Proj\DLP_source\branches\DLP_opensource\EWARM/../Drivers/libstmf4\
#        -I
#        E:\DLP_Proj\DLP_source\branches\DLP_opensource\EWARM/../Drivers/libstmf4/include\
#        -I
#        E:\DLP_Proj\DLP_source\branches\DLP_opensource\EWARM/../Middlewares/arduino/stm32/cores/arduino\
#        -I
#        E:\DLP_Proj\DLP_source\branches\DLP_opensource\EWARM/../Middlewares/gui\
#        -I
#        E:\DLP_Proj\DLP_source\branches\DLP_opensource\EWARM/../Middlewares/gui/GUI/ConvertColor\
#        -I
#        E:\DLP_Proj\DLP_source\branches\DLP_opensource\EWARM/../Middlewares/gui/GUI/ConvertMono\
#        -I
#        E:\DLP_Proj\DLP_source\branches\DLP_opensource\EWARM/../Middlewares/gui/GUI/Core\
#        -I
#        E:\DLP_Proj\DLP_source\branches\DLP_opensource\EWARM/../Middlewares/gui/GUI/Font\
#        -I
#        E:\DLP_Proj\DLP_source\branches\DLP_opensource\EWARM/../Middlewares/gui/AntiAlias\
#        -I
#        E:\DLP_Proj\DLP_source\branches\DLP_opensource\EWARM/../Middlewares/gui/GUI/GUIDemo\
#        -I
#        E:\DLP_Proj\DLP_source\branches\DLP_opensource\EWARM/../Middlewares/gui/GUI/LCDDriver\
#        -I
#        E:\DLP_Proj\DLP_source\branches\DLP_opensource\EWARM/../Middlewares/gui/GUI/MemDev\
#        -I
#        E:\DLP_Proj\DLP_source\branches\DLP_opensource\EWARM/../Middlewares/gui/GUI/MultiLayer\
#        -I
#        E:\DLP_Proj\DLP_source\branches\DLP_opensource\EWARM/../Middlewares/gui/GUI/Widget\
#        -I
#        E:\DLP_Proj\DLP_source\branches\DLP_opensource\EWARM/../Middlewares/gui/GUI/WM\
#        -I
#        E:\DLP_Proj\DLP_source\branches\DLP_opensource\EWARM/../Middlewares/gui/GUI_X\
#        -I
#        E:\DLP_Proj\DLP_source\branches\DLP_opensource\EWARM/../Middlewares/gui/Config\
#        -I E:\DLP_Proj\DLP_source\branches\DLP_opensource\EWARM/../User/ui\ -I
#        E:\DLP_Proj\DLP_source\branches\DLP_opensource\EWARM/../User/ui/Multi_language\
#        -I
#        E:\DLP_Proj\DLP_source\branches\DLP_opensource\EWARM/../User/ui/QRENCODE\
#        -Om --use_c++_inline -I "C:\Program Files (x86)\IAR Systems\Embedded
#        Workbench 7.0\arm\CMSIS\Include\"
#    List file    =  
#        E:\DLP_Proj\DLP_source\branches\DLP_opensource\EWARM\mksDLP/List\WM_SetDesktopColor.lst
#    Object file  =  
#        E:\DLP_Proj\DLP_source\branches\DLP_opensource\EWARM\mksDLP/Obj\WM_SetDesktopColor.o
#
###############################################################################

E:\DLP_Proj\DLP_source\branches\DLP_opensource\Middlewares\gui\GUI\WM\WM_SetDesktopColor.c
      1          /*
      2          *********************************************************************************************************
      3          *                                                uC/GUI
      4          *                        Universal graphic software for embedded applications
      5          *
      6          *                       (c) Copyright 2002, Micrium Inc., Weston, FL
      7          *                       (c) Copyright 2002, SEGGER Microcontroller Systeme GmbH
      8          *
      9          *              µC/GUI is protected by international copyright laws. Knowledge of the
     10          *              source code may not be used to write a similar product. This file may
     11          *              only be used in accordance with a license and should not be redistributed
     12          *              in any way. We appreciate your understanding and fairness.
     13          *
     14          ----------------------------------------------------------------------
     15          File        : WM_SetDesktopColor.c
     16          Purpose     : Windows manager, add. module
     17          ----------------------------------------------------------------------
     18          */
     19          
     20          #include "WM_Intern_ConfDep.h"
     21          
     22          #if GUI_WINSUPPORT    /* If 0, WM will not generate any code */
     23          
     24          /*********************************************************************
     25          *
     26          *       Public code
     27          *
     28          **********************************************************************
     29          */
     30          /*********************************************************************
     31          *
     32          *       WM_SetDesktopColorEx
     33          */

   \                                 In section .text, align 2, keep-with-next
     34          GUI_COLOR WM_SetDesktopColorEx(GUI_COLOR Color, unsigned int LayerIndex) {
   \                     WM_SetDesktopColorEx: (+1)
   \   00000000   0xB510             PUSH     {R4,LR}
     35            GUI_COLOR r = GUI_INVALID_COLOR;
   \   00000002   0xF06F 0x4470      MVN      R4,#-268435456
     36            if (LayerIndex <  GUI_NUM_LAYERS) {
   \   00000006   0x2900             CMP      R1,#+0
   \   00000008   0xD107             BNE.N    ??WM_SetDesktopColorEx_0
     37              r = WM__aBkColor[LayerIndex];
   \   0000000A   0x....             LDR.N    R1,??DataTable0
   \   0000000C   0x680C             LDR      R4,[R1, #+0]
     38              WM__aBkColor[LayerIndex] = Color;
   \   0000000E   0x6008             STR      R0,[R1, #+0]
     39              WM_InvalidateWindow(WM__ahDesktopWin[LayerIndex]);
   \   00000010   0x....             LDR.N    R0,??DataTable0_1
   \   00000012   0xF9B0 0x0000      LDRSH    R0,[R0, #+0]
   \   00000016   0x.... 0x....      BL       WM_InvalidateWindow
     40            }
     41            return r;
   \                     ??WM_SetDesktopColorEx_0: (+1)
   \   0000001A   0x4620             MOV      R0,R4
   \   0000001C   0xBD10             POP      {R4,PC}          ;; return
     42          }
     43          
     44          /*********************************************************************
     45          *
     46          *       WM_SetDesktopColor
     47          */

   \                                 In section .text, align 2, keep-with-next
     48          GUI_COLOR WM_SetDesktopColor(GUI_COLOR Color) {
     49            return WM_SetDesktopColorEx(Color, 0);
   \                     WM_SetDesktopColor: (+1)
   \   00000000   0x2100             MOVS     R1,#+0
   \   00000002   0x....             B.N      WM_SetDesktopColorEx
     50          }
     51          
     52          /*********************************************************************
     53          *
     54          *       WM_SetDesktopColors
     55          */

   \                                 In section .text, align 2, keep-with-next
     56          void WM_SetDesktopColors(GUI_COLOR Color) {
   \                     WM_SetDesktopColors: (+1)
   \   00000000   0xB538             PUSH     {R3-R5,LR}
   \   00000002   0x4604             MOV      R4,R0
     57            int i;
     58            for (i = 0; i < GUI_NUM_LAYERS; i++) {
   \   00000004   0x2500             MOVS     R5,#+0
   \   00000006   0xE004             B.N      ??WM_SetDesktopColors_0
     59              WM_SetDesktopColorEx(Color, i);
   \                     ??WM_SetDesktopColors_1: (+1)
   \   00000008   0x4629             MOV      R1,R5
   \   0000000A   0x4620             MOV      R0,R4
   \   0000000C   0x.... 0x....      BL       WM_SetDesktopColorEx
     60            }
   \   00000010   0x1C6D             ADDS     R5,R5,#+1
   \                     ??WM_SetDesktopColors_0: (+1)
   \   00000012   0x2D01             CMP      R5,#+1
   \   00000014   0xDBF8             BLT.N    ??WM_SetDesktopColors_1
     61          }
   \   00000016   0xBD31             POP      {R0,R4,R5,PC}    ;; return

   \                                 In section .text, align 4, keep-with-next
   \                     ??DataTable0:
   \   00000000   0x........         DC32     WM__aBkColor

   \                                 In section .text, align 4, keep-with-next
   \                     ??DataTable0_1:
   \   00000000   0x........         DC32     WM__ahDesktopWin
     62          
     63          #else
     64            void WM_SetDesktopColor_c(void) {} /* avoid empty object files */
     65          #endif   /* GUI_WINSUPPORT */
     66          
     67          /*************************** End of file ****************************/

   Maximum stack usage in bytes:

   .cstack Function
   ------- --------
       0   WM_SetDesktopColor
         0   -> WM_SetDesktopColorEx
       8   WM_SetDesktopColorEx
         8   -> WM_InvalidateWindow
      16   WM_SetDesktopColors
        16   -> WM_SetDesktopColorEx


   Section sizes:

   Bytes  Function/Label
   -----  --------------
       4  ??DataTable0
       4  ??DataTable0_1
       4  WM_SetDesktopColor
      30  WM_SetDesktopColorEx
      24  WM_SetDesktopColors

 
 66 bytes in section .text
 
 66 bytes of CODE memory

Errors: none
Warnings: none
